Archive member included to satisfy reference by file (symbol)

c:/program files (x86)/atollic/truestudio for stm32 9.3.0/armtools/bin/../lib/gcc/arm-atollic-eabi/6.3.1/../../../../arm-atollic-eabi/lib/armv7e-m/fpu\libc_nano.a(lib_a-errno.o)
                              Src\syscalls.o (__errno)
c:/program files (x86)/atollic/truestudio for stm32 9.3.0/armtools/bin/../lib/gcc/arm-atollic-eabi/6.3.1/../../../../arm-atollic-eabi/lib/armv7e-m/fpu\libc_nano.a(lib_a-impure.o)
                              c:/program files (x86)/atollic/truestudio for stm32 9.3.0/armtools/bin/../lib/gcc/arm-atollic-eabi/6.3.1/../../../../arm-atollic-eabi/lib/armv7e-m/fpu\libc_nano.a(lib_a-errno.o) (_impure_ptr)
c:/program files (x86)/atollic/truestudio for stm32 9.3.0/armtools/bin/../lib/gcc/arm-atollic-eabi/6.3.1/../../../../arm-atollic-eabi/lib/armv7e-m/fpu\libc_nano.a(lib_a-init.o)
                              startup\startup_stm32f334x8.o (__libc_init_array)
c:/program files (x86)/atollic/truestudio for stm32 9.3.0/armtools/bin/../lib/gcc/arm-atollic-eabi/6.3.1/../../../../arm-atollic-eabi/lib/armv7e-m/fpu\libc_nano.a(lib_a-memset.o)
                              Src\spi.o (memset)

Discarded input sections

 .text          0x00000000        0x0 c:/program files (x86)/atollic/truestudio for stm32 9.3.0/armtools/bin/../lib/gcc/arm-atollic-eabi/6.3.1/armv7e-m/fpu/crti.o
 .data          0x00000000        0x0 c:/program files (x86)/atollic/truestudio for stm32 9.3.0/armtools/bin/../lib/gcc/arm-atollic-eabi/6.3.1/armv7e-m/fpu/crti.o
 .bss           0x00000000        0x0 c:/program files (x86)/atollic/truestudio for stm32 9.3.0/armtools/bin/../lib/gcc/arm-atollic-eabi/6.3.1/armv7e-m/fpu/crti.o
 .data          0x00000000        0x4 c:/program files (x86)/atollic/truestudio for stm32 9.3.0/armtools/bin/../lib/gcc/arm-atollic-eabi/6.3.1/armv7e-m/fpu/crtbegin.o
 .text          0x00000000        0x0 Drivers\STM32F3xx_HAL_Driver\Src\stm32f3xx_ll_adc.o
 .data          0x00000000        0x0 Drivers\STM32F3xx_HAL_Driver\Src\stm32f3xx_ll_adc.o
 .bss           0x00000000        0x0 Drivers\STM32F3xx_HAL_Driver\Src\stm32f3xx_ll_adc.o
 .text.LL_ADC_REG_SetTriggerSource
                0x00000000       0x26 Drivers\STM32F3xx_HAL_Driver\Src\stm32f3xx_ll_adc.o
 .text.LL_ADC_INJ_SetTriggerSource
                0x00000000       0x26 Drivers\STM32F3xx_HAL_Driver\Src\stm32f3xx_ll_adc.o
 .text.LL_ADC_INJ_SetQueueMode
                0x00000000       0x26 Drivers\STM32F3xx_HAL_Driver\Src\stm32f3xx_ll_adc.o
 .text.LL_ADC_Disable
                0x00000000       0x28 Drivers\STM32F3xx_HAL_Driver\Src\stm32f3xx_ll_adc.o
 .text.LL_ADC_IsDisableOngoing
                0x00000000       0x26 Drivers\STM32F3xx_HAL_Driver\Src\stm32f3xx_ll_adc.o
 .text.LL_ADC_REG_StopConversion
                0x00000000       0x28 Drivers\STM32F3xx_HAL_Driver\Src\stm32f3xx_ll_adc.o
 .text.LL_ADC_REG_IsConversionOngoing
                0x00000000       0x26 Drivers\STM32F3xx_HAL_Driver\Src\stm32f3xx_ll_adc.o
 .text.LL_ADC_REG_IsStopConversionOngoing
                0x00000000       0x26 Drivers\STM32F3xx_HAL_Driver\Src\stm32f3xx_ll_adc.o
 .text.LL_ADC_INJ_StopConversion
                0x00000000       0x28 Drivers\STM32F3xx_HAL_Driver\Src\stm32f3xx_ll_adc.o
 .text.LL_ADC_INJ_IsConversionOngoing
                0x00000000       0x26 Drivers\STM32F3xx_HAL_Driver\Src\stm32f3xx_ll_adc.o
 .text.LL_ADC_INJ_IsStopConversionOngoing
                0x00000000       0x26 Drivers\STM32F3xx_HAL_Driver\Src\stm32f3xx_ll_adc.o
 .text.LL_AHB1_GRP1_ForceReset
                0x00000000       0x24 Drivers\STM32F3xx_HAL_Driver\Src\stm32f3xx_ll_adc.o
 .text.LL_AHB1_GRP1_ReleaseReset
                0x00000000       0x28 Drivers\STM32F3xx_HAL_Driver\Src\stm32f3xx_ll_adc.o
 .text.LL_ADC_CommonDeInit
                0x00000000       0x22 Drivers\STM32F3xx_HAL_Driver\Src\stm32f3xx_ll_adc.o
 .text.LL_ADC_CommonStructInit
                0x00000000       0x2e Drivers\STM32F3xx_HAL_Driver\Src\stm32f3xx_ll_adc.o
 .text.LL_ADC_DeInit
                0x00000000      0x264 Drivers\STM32F3xx_HAL_Driver\Src\stm32f3xx_ll_adc.o
 .text.LL_ADC_StructInit
                0x00000000       0x26 Drivers\STM32F3xx_HAL_Driver\Src\stm32f3xx_ll_adc.o
 .text.LL_ADC_REG_StructInit
                0x00000000       0x3a Drivers\STM32F3xx_HAL_Driver\Src\stm32f3xx_ll_adc.o
 .text.LL_ADC_INJ_Init
                0x00000000       0x76 Drivers\STM32F3xx_HAL_Driver\Src\stm32f3xx_ll_adc.o
 .text.LL_ADC_INJ_StructInit
                0x00000000       0x2c Drivers\STM32F3xx_HAL_Driver\Src\stm32f3xx_ll_adc.o
 .text          0x00000000        0x0 Drivers\STM32F3xx_HAL_Driver\Src\stm32f3xx_ll_dma.o
 .data          0x00000000        0x0 Drivers\STM32F3xx_HAL_Driver\Src\stm32f3xx_ll_dma.o
 .bss           0x00000000        0x0 Drivers\STM32F3xx_HAL_Driver\Src\stm32f3xx_ll_dma.o
 .rodata.CHANNEL_OFFSET_TAB
                0x00000000        0x7 Drivers\STM32F3xx_HAL_Driver\Src\stm32f3xx_ll_dma.o
 .text.LL_DMA_ConfigTransfer
                0x00000000       0x4c Drivers\STM32F3xx_HAL_Driver\Src\stm32f3xx_ll_dma.o
 .text.LL_DMA_SetDataLength
                0x00000000       0x48 Drivers\STM32F3xx_HAL_Driver\Src\stm32f3xx_ll_dma.o
 .text.LL_DMA_SetMemoryAddress
                0x00000000       0x30 Drivers\STM32F3xx_HAL_Driver\Src\stm32f3xx_ll_dma.o
 .text.LL_DMA_SetPeriphAddress
                0x00000000       0x30 Drivers\STM32F3xx_HAL_Driver\Src\stm32f3xx_ll_dma.o
 .text.LL_DMA_ClearFlag_GI1
                0x00000000       0x1a Drivers\STM32F3xx_HAL_Driver\Src\stm32f3xx_ll_dma.o
 .text.LL_DMA_ClearFlag_GI2
                0x00000000       0x1a Drivers\STM32F3xx_HAL_Driver\Src\stm32f3xx_ll_dma.o
 .text.LL_DMA_ClearFlag_GI3
                0x00000000       0x1c Drivers\STM32F3xx_HAL_Driver\Src\stm32f3xx_ll_dma.o
 .text.LL_DMA_ClearFlag_GI4
                0x00000000       0x1c Drivers\STM32F3xx_HAL_Driver\Src\stm32f3xx_ll_dma.o
 .text.LL_DMA_ClearFlag_GI5
                0x00000000       0x1c Drivers\STM32F3xx_HAL_Driver\Src\stm32f3xx_ll_dma.o
 .text.LL_DMA_ClearFlag_GI6
                0x00000000       0x1c Drivers\STM32F3xx_HAL_Driver\Src\stm32f3xx_ll_dma.o
 .text.LL_DMA_ClearFlag_GI7
                0x00000000       0x1c Drivers\STM32F3xx_HAL_Driver\Src\stm32f3xx_ll_dma.o
 .text.LL_DMA_DeInit
                0x00000000      0x140 Drivers\STM32F3xx_HAL_Driver\Src\stm32f3xx_ll_dma.o
 .text.LL_DMA_Init
                0x00000000       0x72 Drivers\STM32F3xx_HAL_Driver\Src\stm32f3xx_ll_dma.o
 .text.LL_DMA_StructInit
                0x00000000       0x50 Drivers\STM32F3xx_HAL_Driver\Src\stm32f3xx_ll_dma.o
 .debug_info    0x00000000      0x54f Drivers\STM32F3xx_HAL_Driver\Src\stm32f3xx_ll_dma.o
 .debug_abbrev  0x00000000      0x18e Drivers\STM32F3xx_HAL_Driver\Src\stm32f3xx_ll_dma.o
 .debug_aranges
                0x00000000       0x88 Drivers\STM32F3xx_HAL_Driver\Src\stm32f3xx_ll_dma.o
 .debug_ranges  0x00000000       0x78 Drivers\STM32F3xx_HAL_Driver\Src\stm32f3xx_ll_dma.o
 .debug_line    0x00000000      0x3c7 Drivers\STM32F3xx_HAL_Driver\Src\stm32f3xx_ll_dma.o
 .debug_str     0x00000000      0x4c2 Drivers\STM32F3xx_HAL_Driver\Src\stm32f3xx_ll_dma.o
 .comment       0x00000000       0x7d Drivers\STM32F3xx_HAL_Driver\Src\stm32f3xx_ll_dma.o
 .debug_frame   0x00000000      0x238 Drivers\STM32F3xx_HAL_Driver\Src\stm32f3xx_ll_dma.o
 .ARM.attributes
                0x00000000       0x39 Drivers\STM32F3xx_HAL_Driver\Src\stm32f3xx_ll_dma.o
 .text          0x00000000        0x0 Drivers\STM32F3xx_HAL_Driver\Src\stm32f3xx_ll_exti.o
 .data          0x00000000        0x0 Drivers\STM32F3xx_HAL_Driver\Src\stm32f3xx_ll_exti.o
 .bss           0x00000000        0x0 Drivers\STM32F3xx_HAL_Driver\Src\stm32f3xx_ll_exti.o
 .text.LL_EXTI_DeInit
                0x00000000       0x64 Drivers\STM32F3xx_HAL_Driver\Src\stm32f3xx_ll_exti.o
 .text.LL_EXTI_StructInit
                0x00000000       0x32 Drivers\STM32F3xx_HAL_Driver\Src\stm32f3xx_ll_exti.o
 .text          0x00000000        0x0 Drivers\STM32F3xx_HAL_Driver\Src\stm32f3xx_ll_gpio.o
 .data          0x00000000        0x0 Drivers\STM32F3xx_HAL_Driver\Src\stm32f3xx_ll_gpio.o
 .bss           0x00000000        0x0 Drivers\STM32F3xx_HAL_Driver\Src\stm32f3xx_ll_gpio.o
 .text.LL_AHB1_GRP1_ForceReset
                0x00000000       0x24 Drivers\STM32F3xx_HAL_Driver\Src\stm32f3xx_ll_gpio.o
 .text.LL_AHB1_GRP1_ReleaseReset
                0x00000000       0x28 Drivers\STM32F3xx_HAL_Driver\Src\stm32f3xx_ll_gpio.o
 .text.LL_GPIO_DeInit
                0x00000000       0xac Drivers\STM32F3xx_HAL_Driver\Src\stm32f3xx_ll_gpio.o
 .text.LL_GPIO_StructInit
                0x00000000       0x3a Drivers\STM32F3xx_HAL_Driver\Src\stm32f3xx_ll_gpio.o
 .text          0x00000000        0x0 Drivers\STM32F3xx_HAL_Driver\Src\stm32f3xx_ll_rcc.o
 .data          0x00000000        0x0 Drivers\STM32F3xx_HAL_Driver\Src\stm32f3xx_ll_rcc.o
 .bss           0x00000000        0x0 Drivers\STM32F3xx_HAL_Driver\Src\stm32f3xx_ll_rcc.o
 .text.LL_RCC_HSE_DisableBypass
                0x00000000       0x20 Drivers\STM32F3xx_HAL_Driver\Src\stm32f3xx_ll_rcc.o
 .text.LL_RCC_HSI_Enable
                0x00000000       0x20 Drivers\STM32F3xx_HAL_Driver\Src\stm32f3xx_ll_rcc.o
 .text.LL_RCC_HSI_IsReady
                0x00000000       0x24 Drivers\STM32F3xx_HAL_Driver\Src\stm32f3xx_ll_rcc.o
 .text.LL_RCC_HSI_SetCalibTrimming
                0x00000000       0x2c Drivers\STM32F3xx_HAL_Driver\Src\stm32f3xx_ll_rcc.o
 .text.LL_RCC_LSE_IsReady
                0x00000000       0x24 Drivers\STM32F3xx_HAL_Driver\Src\stm32f3xx_ll_rcc.o
 .text.LL_RCC_GetSysClkSource
                0x00000000       0x1c Drivers\STM32F3xx_HAL_Driver\Src\stm32f3xx_ll_rcc.o
 .text.LL_RCC_GetAHBPrescaler
                0x00000000       0x1c Drivers\STM32F3xx_HAL_Driver\Src\stm32f3xx_ll_rcc.o
 .text.LL_RCC_GetAPB1Prescaler
                0x00000000       0x1c Drivers\STM32F3xx_HAL_Driver\Src\stm32f3xx_ll_rcc.o
 .text.LL_RCC_GetAPB2Prescaler
                0x00000000       0x1c Drivers\STM32F3xx_HAL_Driver\Src\stm32f3xx_ll_rcc.o
 .text.LL_RCC_GetUSARTClockSource
                0x00000000       0x2c Drivers\STM32F3xx_HAL_Driver\Src\stm32f3xx_ll_rcc.o
 .text.LL_RCC_GetI2CClockSource
                0x00000000       0x28 Drivers\STM32F3xx_HAL_Driver\Src\stm32f3xx_ll_rcc.o
 .text.LL_RCC_GetTIMClockSource
                0x00000000       0x30 Drivers\STM32F3xx_HAL_Driver\Src\stm32f3xx_ll_rcc.o
 .text.LL_RCC_GetHRTIMClockSource
                0x00000000       0x20 Drivers\STM32F3xx_HAL_Driver\Src\stm32f3xx_ll_rcc.o
 .text.LL_RCC_GetADCClockSource
                0x00000000       0x20 Drivers\STM32F3xx_HAL_Driver\Src\stm32f3xx_ll_rcc.o
 .text.LL_RCC_PLL_IsReady
                0x00000000       0x28 Drivers\STM32F3xx_HAL_Driver\Src\stm32f3xx_ll_rcc.o
 .text.LL_RCC_PLL_GetMainSource
                0x00000000       0x1c Drivers\STM32F3xx_HAL_Driver\Src\stm32f3xx_ll_rcc.o
 .text.LL_RCC_PLL_GetMultiplicator
                0x00000000       0x1c Drivers\STM32F3xx_HAL_Driver\Src\stm32f3xx_ll_rcc.o
 .text.LL_RCC_PLL_GetPrediv
                0x00000000       0x1c Drivers\STM32F3xx_HAL_Driver\Src\stm32f3xx_ll_rcc.o
 .text.LL_RCC_ClearResetFlags
                0x00000000       0x20 Drivers\STM32F3xx_HAL_Driver\Src\stm32f3xx_ll_rcc.o
 .rodata.aADCPrescTable
                0x00000000       0x20 Drivers\STM32F3xx_HAL_Driver\Src\stm32f3xx_ll_rcc.o
 .text.LL_RCC_DeInit
                0x00000000       0xa0 Drivers\STM32F3xx_HAL_Driver\Src\stm32f3xx_ll_rcc.o
 .text.LL_RCC_GetSystemClocksFreq
                0x00000000       0x4a Drivers\STM32F3xx_HAL_Driver\Src\stm32f3xx_ll_rcc.o
 .text.LL_RCC_GetUSARTClockFreq
                0x00000000       0x7c Drivers\STM32F3xx_HAL_Driver\Src\stm32f3xx_ll_rcc.o
 .text.LL_RCC_GetI2CClockFreq
                0x00000000       0x4c Drivers\STM32F3xx_HAL_Driver\Src\stm32f3xx_ll_rcc.o
 .text.LL_RCC_GetADCClockFreq
                0x00000000       0x80 Drivers\STM32F3xx_HAL_Driver\Src\stm32f3xx_ll_rcc.o
 .text.LL_RCC_GetTIMClockFreq
                0x00000000       0x46 Drivers\STM32F3xx_HAL_Driver\Src\stm32f3xx_ll_rcc.o
 .text.LL_RCC_GetHRTIMClockFreq
                0x00000000       0x42 Drivers\STM32F3xx_HAL_Driver\Src\stm32f3xx_ll_rcc.o
 .text.RCC_GetSystemClockFreq
                0x00000000       0x44 Drivers\STM32F3xx_HAL_Driver\Src\stm32f3xx_ll_rcc.o
 .text.RCC_GetHCLKClockFreq
                0x00000000       0x2c Drivers\STM32F3xx_HAL_Driver\Src\stm32f3xx_ll_rcc.o
 .text.RCC_GetPCLK1ClockFreq
                0x00000000       0x28 Drivers\STM32F3xx_HAL_Driver\Src\stm32f3xx_ll_rcc.o
 .text.RCC_GetPCLK2ClockFreq
                0x00000000       0x28 Drivers\STM32F3xx_HAL_Driver\Src\stm32f3xx_ll_rcc.o
 .text.RCC_PLL_GetFreqDomain_SYS
                0x00000000       0x7c Drivers\STM32F3xx_HAL_Driver\Src\stm32f3xx_ll_rcc.o
 .debug_info    0x00000000      0x769 Drivers\STM32F3xx_HAL_Driver\Src\stm32f3xx_ll_rcc.o
 .debug_abbrev  0x00000000      0x233 Drivers\STM32F3xx_HAL_Driver\Src\stm32f3xx_ll_rcc.o
 .debug_aranges
                0x00000000      0x110 Drivers\STM32F3xx_HAL_Driver\Src\stm32f3xx_ll_rcc.o
 .debug_ranges  0x00000000      0x100 Drivers\STM32F3xx_HAL_Driver\Src\stm32f3xx_ll_rcc.o
 .debug_line    0x00000000      0x4e3 Drivers\STM32F3xx_HAL_Driver\Src\stm32f3xx_ll_rcc.o
 .debug_str     0x00000000      0x6f6 Drivers\STM32F3xx_HAL_Driver\Src\stm32f3xx_ll_rcc.o
 .comment       0x00000000       0x7d Drivers\STM32F3xx_HAL_Driver\Src\stm32f3xx_ll_rcc.o
 .debug_frame   0x00000000      0x454 Drivers\STM32F3xx_HAL_Driver\Src\stm32f3xx_ll_rcc.o
 .ARM.attributes
                0x00000000       0x39 Drivers\STM32F3xx_HAL_Driver\Src\stm32f3xx_ll_rcc.o
 .text          0x00000000        0x0 Drivers\STM32F3xx_HAL_Driver\Src\stm32f3xx_ll_rtc.o
 .data          0x00000000        0x0 Drivers\STM32F3xx_HAL_Driver\Src\stm32f3xx_ll_rtc.o
 .bss           0x00000000        0x0 Drivers\STM32F3xx_HAL_Driver\Src\stm32f3xx_ll_rtc.o
 .text.LL_RTC_ALMA_SetMask
                0x00000000       0x26 Drivers\STM32F3xx_HAL_Driver\Src\stm32f3xx_ll_rtc.o
 .text.LL_RTC_ALMA_EnableWeekday
                0x00000000       0x20 Drivers\STM32F3xx_HAL_Driver\Src\stm32f3xx_ll_rtc.o
 .text.LL_RTC_ALMA_DisableWeekday
                0x00000000       0x20 Drivers\STM32F3xx_HAL_Driver\Src\stm32f3xx_ll_rtc.o
 .text.LL_RTC_ALMA_SetDay
                0x00000000       0x28 Drivers\STM32F3xx_HAL_Driver\Src\stm32f3xx_ll_rtc.o
 .text.LL_RTC_ALMA_SetWeekDay
                0x00000000       0x28 Drivers\STM32F3xx_HAL_Driver\Src\stm32f3xx_ll_rtc.o
 .text.LL_RTC_ALMA_ConfigTime
                0x00000000       0x4e Drivers\STM32F3xx_HAL_Driver\Src\stm32f3xx_ll_rtc.o
 .text.LL_RTC_ALMB_SetMask
                0x00000000       0x26 Drivers\STM32F3xx_HAL_Driver\Src\stm32f3xx_ll_rtc.o
 .text.LL_RTC_ALMB_EnableWeekday
                0x00000000       0x20 Drivers\STM32F3xx_HAL_Driver\Src\stm32f3xx_ll_rtc.o
 .text.LL_RTC_ALMB_DisableWeekday
                0x00000000       0x20 Drivers\STM32F3xx_HAL_Driver\Src\stm32f3xx_ll_rtc.o
 .text.LL_RTC_ALMB_SetDay
                0x00000000       0x28 Drivers\STM32F3xx_HAL_Driver\Src\stm32f3xx_ll_rtc.o
 .text.LL_RTC_ALMB_SetWeekDay
                0x00000000       0x28 Drivers\STM32F3xx_HAL_Driver\Src\stm32f3xx_ll_rtc.o
 .text.LL_RTC_ALMB_ConfigTime
                0x00000000       0x4e Drivers\STM32F3xx_HAL_Driver\Src\stm32f3xx_ll_rtc.o
 .text.LL_RTC_DeInit
                0x00000000       0x94 Drivers\STM32F3xx_HAL_Driver\Src\stm32f3xx_ll_rtc.o
 .text.LL_RTC_StructInit
                0x00000000       0x26 Drivers\STM32F3xx_HAL_Driver\Src\stm32f3xx_ll_rtc.o
 .text.LL_RTC_ALMA_Init
                0x00000000      0x190 Drivers\STM32F3xx_HAL_Driver\Src\stm32f3xx_ll_rtc.o
 .text.LL_RTC_ALMB_Init
                0x00000000      0x190 Drivers\STM32F3xx_HAL_Driver\Src\stm32f3xx_ll_rtc.o
 .text.LL_RTC_ALMA_StructInit
                0x00000000       0x3e Drivers\STM32F3xx_HAL_Driver\Src\stm32f3xx_ll_rtc.o
 .text.LL_RTC_ALMB_StructInit
                0x00000000       0x3e Drivers\STM32F3xx_HAL_Driver\Src\stm32f3xx_ll_rtc.o
 .text.LL_RTC_ExitInitMode
                0x00000000       0x18 Drivers\STM32F3xx_HAL_Driver\Src\stm32f3xx_ll_rtc.o
 .text          0x00000000        0x0 Drivers\STM32F3xx_HAL_Driver\Src\stm32f3xx_ll_spi.o
 .data          0x00000000        0x0 Drivers\STM32F3xx_HAL_Driver\Src\stm32f3xx_ll_spi.o
 .bss           0x00000000        0x0 Drivers\STM32F3xx_HAL_Driver\Src\stm32f3xx_ll_spi.o
 .text.LL_APB2_GRP1_ForceReset
                0x00000000       0x24 Drivers\STM32F3xx_HAL_Driver\Src\stm32f3xx_ll_spi.o
 .text.LL_APB2_GRP1_ReleaseReset
                0x00000000       0x28 Drivers\STM32F3xx_HAL_Driver\Src\stm32f3xx_ll_spi.o
 .text.LL_SPI_DeInit
                0x00000000       0x38 Drivers\STM32F3xx_HAL_Driver\Src\stm32f3xx_ll_spi.o
 .text.LL_SPI_StructInit
                0x00000000       0x52 Drivers\STM32F3xx_HAL_Driver\Src\stm32f3xx_ll_spi.o
 .text          0x00000000        0x0 Drivers\STM32F3xx_HAL_Driver\Src\stm32f3xx_ll_usart.o
 .data          0x00000000        0x0 Drivers\STM32F3xx_HAL_Driver\Src\stm32f3xx_ll_usart.o
 .bss           0x00000000        0x0 Drivers\STM32F3xx_HAL_Driver\Src\stm32f3xx_ll_usart.o
 .text.LL_USART_IsEnabled
                0x00000000       0x26 Drivers\STM32F3xx_HAL_Driver\Src\stm32f3xx_ll_usart.o
 .text.LL_USART_DisableSCLKOutput
                0x00000000       0x20 Drivers\STM32F3xx_HAL_Driver\Src\stm32f3xx_ll_usart.o
 .text.LL_USART_SetStopBitsLength
                0x00000000       0x26 Drivers\STM32F3xx_HAL_Driver\Src\stm32f3xx_ll_usart.o
 .text.LL_USART_SetHWFlowCtrl
                0x00000000       0x26 Drivers\STM32F3xx_HAL_Driver\Src\stm32f3xx_ll_usart.o
 .text.LL_USART_SetBaudRate
                0x00000000       0x6e Drivers\STM32F3xx_HAL_Driver\Src\stm32f3xx_ll_usart.o
 .text.LL_APB1_GRP1_ForceReset
                0x00000000       0x24 Drivers\STM32F3xx_HAL_Driver\Src\stm32f3xx_ll_usart.o
 .text.LL_APB1_GRP1_ReleaseReset
                0x00000000       0x28 Drivers\STM32F3xx_HAL_Driver\Src\stm32f3xx_ll_usart.o
 .text.LL_APB2_GRP1_ForceReset
                0x00000000       0x24 Drivers\STM32F3xx_HAL_Driver\Src\stm32f3xx_ll_usart.o
 .text.LL_APB2_GRP1_ReleaseReset
                0x00000000       0x28 Drivers\STM32F3xx_HAL_Driver\Src\stm32f3xx_ll_usart.o
 .text.LL_USART_DeInit
                0x00000000       0x74 Drivers\STM32F3xx_HAL_Driver\Src\stm32f3xx_ll_usart.o
 .text.LL_USART_Init
                0x00000000       0xd8 Drivers\STM32F3xx_HAL_Driver\Src\stm32f3xx_ll_usart.o
 .text.LL_USART_StructInit
                0x00000000       0x40 Drivers\STM32F3xx_HAL_Driver\Src\stm32f3xx_ll_usart.o
 .text.LL_USART_ClockInit
                0x00000000       0x5c Drivers\STM32F3xx_HAL_Driver\Src\stm32f3xx_ll_usart.o
 .text.LL_USART_ClockStructInit
                0x00000000       0x2c Drivers\STM32F3xx_HAL_Driver\Src\stm32f3xx_ll_usart.o
 .debug_info    0x00000000      0x6c2 Drivers\STM32F3xx_HAL_Driver\Src\stm32f3xx_ll_usart.o
 .debug_abbrev  0x00000000      0x1ac Drivers\STM32F3xx_HAL_Driver\Src\stm32f3xx_ll_usart.o
 .debug_aranges
                0x00000000       0x88 Drivers\STM32F3xx_HAL_Driver\Src\stm32f3xx_ll_usart.o
 .debug_ranges  0x00000000       0x78 Drivers\STM32F3xx_HAL_Driver\Src\stm32f3xx_ll_usart.o
 .debug_line    0x00000000      0x392 Drivers\STM32F3xx_HAL_Driver\Src\stm32f3xx_ll_usart.o
 .debug_str     0x00000000      0x5a5 Drivers\STM32F3xx_HAL_Driver\Src\stm32f3xx_ll_usart.o
 .comment       0x00000000       0x7d Drivers\STM32F3xx_HAL_Driver\Src\stm32f3xx_ll_usart.o
 .debug_frame   0x00000000      0x234 Drivers\STM32F3xx_HAL_Driver\Src\stm32f3xx_ll_usart.o
 .ARM.attributes
                0x00000000       0x39 Drivers\STM32F3xx_HAL_Driver\Src\stm32f3xx_ll_usart.o
 .text          0x00000000        0x0 Drivers\STM32F3xx_HAL_Driver\Src\stm32f3xx_ll_utils.o
 .data          0x00000000        0x0 Drivers\STM32F3xx_HAL_Driver\Src\stm32f3xx_ll_utils.o
 .bss           0x00000000        0x0 Drivers\STM32F3xx_HAL_Driver\Src\stm32f3xx_ll_utils.o
 .text.LL_RCC_HSE_EnableBypass
                0x00000000       0x20 Drivers\STM32F3xx_HAL_Driver\Src\stm32f3xx_ll_utils.o
 .text.LL_RCC_HSE_DisableBypass
                0x00000000       0x20 Drivers\STM32F3xx_HAL_Driver\Src\stm32f3xx_ll_utils.o
 .text.LL_RCC_HSE_Enable
                0x00000000       0x20 Drivers\STM32F3xx_HAL_Driver\Src\stm32f3xx_ll_utils.o
 .text.LL_RCC_HSE_IsReady
                0x00000000       0x28 Drivers\STM32F3xx_HAL_Driver\Src\stm32f3xx_ll_utils.o
 .text.LL_RCC_HSI_Enable
                0x00000000       0x20 Drivers\STM32F3xx_HAL_Driver\Src\stm32f3xx_ll_utils.o
 .text.LL_RCC_HSI_IsReady
                0x00000000       0x24 Drivers\STM32F3xx_HAL_Driver\Src\stm32f3xx_ll_utils.o
 .text.LL_RCC_SetSysClkSource
                0x00000000       0x28 Drivers\STM32F3xx_HAL_Driver\Src\stm32f3xx_ll_utils.o
 .text.LL_RCC_GetSysClkSource
                0x00000000       0x1c Drivers\STM32F3xx_HAL_Driver\Src\stm32f3xx_ll_utils.o
 .text.LL_RCC_SetAHBPrescaler
                0x00000000       0x28 Drivers\STM32F3xx_HAL_Driver\Src\stm32f3xx_ll_utils.o
 .text.LL_RCC_SetAPB1Prescaler
                0x00000000       0x28 Drivers\STM32F3xx_HAL_Driver\Src\stm32f3xx_ll_utils.o
 .text.LL_RCC_SetAPB2Prescaler
                0x00000000       0x28 Drivers\STM32F3xx_HAL_Driver\Src\stm32f3xx_ll_utils.o
 .text.LL_RCC_GetAHBPrescaler
                0x00000000       0x1c Drivers\STM32F3xx_HAL_Driver\Src\stm32f3xx_ll_utils.o
 .text.LL_RCC_PLL_Enable
                0x00000000       0x20 Drivers\STM32F3xx_HAL_Driver\Src\stm32f3xx_ll_utils.o
 .text.LL_RCC_PLL_IsReady
                0x00000000       0x28 Drivers\STM32F3xx_HAL_Driver\Src\stm32f3xx_ll_utils.o
 .text.LL_RCC_PLL_ConfigDomain_SYS
                0x00000000       0x48 Drivers\STM32F3xx_HAL_Driver\Src\stm32f3xx_ll_utils.o
 .text.LL_FLASH_SetLatency
                0x00000000       0x28 Drivers\STM32F3xx_HAL_Driver\Src\stm32f3xx_ll_utils.o
 .text.LL_FLASH_GetLatency
                0x00000000       0x1c Drivers\STM32F3xx_HAL_Driver\Src\stm32f3xx_ll_utils.o
 .text.LL_SetFlashLatency
                0x00000000       0x88 Drivers\STM32F3xx_HAL_Driver\Src\stm32f3xx_ll_utils.o
 .text.LL_PLL_ConfigSystemClock_HSI
                0x00000000       0x74 Drivers\STM32F3xx_HAL_Driver\Src\stm32f3xx_ll_utils.o
 .text.LL_PLL_ConfigSystemClock_HSE
                0x00000000       0x84 Drivers\STM32F3xx_HAL_Driver\Src\stm32f3xx_ll_utils.o
 .text.UTILS_GetPLLOutputFrequency
                0x00000000       0x50 Drivers\STM32F3xx_HAL_Driver\Src\stm32f3xx_ll_utils.o
 .text.UTILS_PLL_IsBusy
                0x00000000       0x22 Drivers\STM32F3xx_HAL_Driver\Src\stm32f3xx_ll_utils.o
 .text.UTILS_EnablePLLAndSwitchSystem
                0x00000000       0xdc Drivers\STM32F3xx_HAL_Driver\Src\stm32f3xx_ll_utils.o
 .text          0x00000000        0x0 HAL\HAL_GPIO.o
 .data          0x00000000        0x0 HAL\HAL_GPIO.o
 .bss           0x00000000        0x0 HAL\HAL_GPIO.o
 .rodata.CHANNEL_OFFSET_TAB
                0x00000000        0x7 HAL\HAL_GPIO.o
 .text.LL_GPIO_WriteOutputPort
                0x00000000       0x1c HAL\HAL_GPIO.o
 .text.HAL_startGPIO
                0x00000000       0x30 HAL\HAL_GPIO.o
 .text          0x00000000        0x0 HAL\HAL_LCD.o
 .data          0x00000000        0x0 HAL\HAL_LCD.o
 .bss           0x00000000        0x0 HAL\HAL_LCD.o
 .rodata.CHANNEL_OFFSET_TAB
                0x00000000        0x7 HAL\HAL_LCD.o
 .text          0x00000000        0x0 HAL\HAL_Pot.o
 .data          0x00000000        0x0 HAL\HAL_Pot.o
 .bss           0x00000000        0x0 HAL\HAL_Pot.o
 .rodata.CHANNEL_OFFSET_TAB
                0x00000000        0x7 HAL\HAL_Pot.o
 .text.HAL_PotResult1
                0x00000000       0x1e HAL\HAL_Pot.o
 .text.HAL_PotResult2
                0x00000000       0x1e HAL\HAL_Pot.o
 .text          0x00000000        0x0 HAL\HAL_RTC.o
 .data          0x00000000        0x0 HAL\HAL_RTC.o
 .bss           0x00000000        0x0 HAL\HAL_RTC.o
 .rodata.CHANNEL_OFFSET_TAB
                0x00000000        0x7 HAL\HAL_RTC.o
 .data.Font     0x00000000      0x300 HAL\HAL_RTC.o
 .text          0x00000000        0x0 Src\adc.o
 .data          0x00000000        0x0 Src\adc.o
 .bss           0x00000000        0x0 Src\adc.o
 .rodata.CHANNEL_OFFSET_TAB
                0x00000000        0x7 Src\adc.o
 .text.LL_ADC_Disable
                0x00000000       0x28 Src\adc.o
 .text.LL_ADC_IsEnabled
                0x00000000       0x26 Src\adc.o
 .text.MX_ADC1_Disable
                0x00000000       0x20 Src\adc.o
 .text          0x00000000        0x0 Src\gpio.o
 .data          0x00000000        0x0 Src\gpio.o
 .bss           0x00000000        0x0 Src\gpio.o
 .rodata.CHANNEL_OFFSET_TAB
                0x00000000        0x7 Src\gpio.o
 .text          0x00000000        0x0 Src\gpio_bismar.o
 .data          0x00000000        0x0 Src\gpio_bismar.o
 .bss           0x00000000        0x0 Src\gpio_bismar.o
 .rodata.CHANNEL_OFFSET_TAB
                0x00000000        0x7 Src\gpio_bismar.o
 .text.enable_PORT
                0x00000000       0x4c Src\gpio_bismar.o
 .text.set_asOUTPUT
                0x00000000       0xa8 Src\gpio_bismar.o
 .text.set_asOUTPUT_singlePIN
                0x00000000       0x7c Src\gpio_bismar.o
 .text.digitalWrite_HIGH
                0x00000000       0xa8 Src\gpio_bismar.o
 .text.digitalWrite_HIGH_singlePIN
                0x00000000       0x80 Src\gpio_bismar.o
 .text.digitalWrite_LOW
                0x00000000       0x78 Src\gpio_bismar.o
 .text          0x00000000        0x0 Src\main.o
 .data          0x00000000        0x0 Src\main.o
 .bss           0x00000000        0x0 Src\main.o
 .rodata.CHANNEL_OFFSET_TAB
                0x00000000        0x7 Src\main.o
 .data.Font     0x00000000      0x300 Src\main.o
 .text.Error_Handler
                0x00000000        0x8 Src\main.o
 .text          0x00000000        0x0 Src\rtc.o
 .data          0x00000000        0x0 Src\rtc.o
 .bss           0x00000000        0x0 Src\rtc.o
 .rodata.CHANNEL_OFFSET_TAB
                0x00000000        0x7 Src\rtc.o
 .text.LL_RTC_EnableInitMode
                0x00000000       0x1c Src\rtc.o
 .text.LL_RTC_DisableInitMode
                0x00000000       0x1c Src\rtc.o
 .text.LL_RTC_DATE_GetYear
                0x00000000       0x1c Src\rtc.o
 .text.LL_RTC_DATE_GetMonth
                0x00000000       0x1e Src\rtc.o
 .text.LL_RTC_DATE_GetDay
                0x00000000       0x1c Src\rtc.o
 .text.LL_RTC_IsActiveFlag_INIT
                0x00000000       0x26 Src\rtc.o
 .text.LL_RTC_IsActiveFlag_RS
                0x00000000       0x26 Src\rtc.o
 .text.LL_RTC_ClearFlag_RS
                0x00000000       0x24 Src\rtc.o
 .text.MX_RTC_Enter_InitMode
                0x00000000       0x20 Src\rtc.o
 .text.MX_RTC_Exit_InitMode
                0x00000000       0x28 Src\rtc.o
 .text.MX_RTC_GetDate
                0x00000000       0xc4 Src\rtc.o
 .text          0x00000000        0x0 Src\spi.o
 .data          0x00000000        0x0 Src\spi.o
 .bss           0x00000000        0x0 Src\spi.o
 .rodata.CHANNEL_OFFSET_TAB
                0x00000000        0x7 Src\spi.o
 .text.LL_SPI_Disable
                0x00000000       0x20 Src\spi.o
 .text.MX_SPI1_Disable
                0x00000000       0x14 Src\spi.o
 .text          0x00000000        0x0 Src\stm32f3xx_it.o
 .data          0x00000000        0x0 Src\stm32f3xx_it.o
 .bss           0x00000000        0x0 Src\stm32f3xx_it.o
 .rodata.CHANNEL_OFFSET_TAB
                0x00000000        0x7 Src\stm32f3xx_it.o
 .text          0x00000000        0x0 Src\syscalls.o
 .data          0x00000000        0x0 Src\syscalls.o
 .bss           0x00000000        0x0 Src\syscalls.o
 .bss.__env     0x00000000        0x4 Src\syscalls.o
 .data.environ  0x00000000        0x4 Src\syscalls.o
 .text.initialise_monitor_handles
                0x00000000        0xe Src\syscalls.o
 .text._getpid  0x00000000       0x10 Src\syscalls.o
 .text._kill    0x00000000       0x20 Src\syscalls.o
 .text._exit    0x00000000       0x14 Src\syscalls.o
 .text._read    0x00000000       0x3a Src\syscalls.o
 .text._write   0x00000000       0x38 Src\syscalls.o
 .bss.heap_end.7010
                0x00000000        0x4 Src\syscalls.o
 .text._sbrk    0x00000000       0x58 Src\syscalls.o
 .text._close   0x00000000       0x18 Src\syscalls.o
 .text._fstat   0x00000000       0x20 Src\syscalls.o
 .text._isatty  0x00000000       0x16 Src\syscalls.o
 .text._lseek   0x00000000       0x1a Src\syscalls.o
 .text._open    0x00000000       0x1c Src\syscalls.o
 .text._wait    0x00000000       0x1e Src\syscalls.o
 .text._unlink  0x00000000       0x1e Src\syscalls.o
 .text._times   0x00000000       0x18 Src\syscalls.o
 .text._stat    0x00000000       0x20 Src\syscalls.o
 .text._link    0x00000000       0x20 Src\syscalls.o
 .text._fork    0x00000000       0x16 Src\syscalls.o
 .text._execve  0x00000000       0x22 Src\syscalls.o
 .debug_info    0x00000000      0xf16 Src\syscalls.o
 .debug_abbrev  0x00000000      0x271 Src\syscalls.o
 .debug_aranges
                0x00000000       0xb0 Src\syscalls.o
 .debug_ranges  0x00000000       0xa0 Src\syscalls.o
 .debug_line    0x00000000      0x3d8 Src\syscalls.o
 .debug_str     0x00000000      0x86a Src\syscalls.o
 .comment       0x00000000       0x7d Src\syscalls.o
 .debug_frame   0x00000000      0x2d4 Src\syscalls.o
 .ARM.attributes
                0x00000000       0x39 Src\syscalls.o
 .text          0x00000000        0x0 Src\system_stm32f3xx.o
 .data          0x00000000        0x0 Src\system_stm32f3xx.o
 .bss           0x00000000        0x0 Src\system_stm32f3xx.o
 .rodata.AHBPrescTable
                0x00000000       0x10 Src\system_stm32f3xx.o
 .rodata.APBPrescTable
                0x00000000        0x8 Src\system_stm32f3xx.o
 .text.SystemCoreClockUpdate
                0x00000000       0xd4 Src\system_stm32f3xx.o
 .text          0x00000000        0x0 Src\usart.o
 .data          0x00000000        0x0 Src\usart.o
 .bss           0x00000000        0x0 Src\usart.o
 .text.LL_AHB1_GRP1_EnableClock
                0x00000000       0x30 Src\usart.o
 .text.LL_APB1_GRP1_EnableClock
                0x00000000       0x30 Src\usart.o
 .rodata.CHANNEL_OFFSET_TAB
                0x00000000        0x7 Src\usart.o
 .text.LL_USART_Enable
                0x00000000       0x20 Src\usart.o
 .text.LL_USART_ConfigAsyncMode
                0x00000000       0x2c Src\usart.o
 .text.LL_USART_DisableIT_CTS
                0x00000000       0x44 Src\usart.o
 .text.MX_USART2_UART_Init
                0x00000000       0xa8 Src\usart.o
 .debug_info    0x00000000      0x63b Src\usart.o
 .debug_abbrev  0x00000000      0x1cc Src\usart.o
 .debug_aranges
                0x00000000       0x48 Src\usart.o
 .debug_ranges  0x00000000       0x38 Src\usart.o
 .debug_line    0x00000000      0x2e0 Src\usart.o
 .debug_str     0x00000000      0x476 Src\usart.o
 .comment       0x00000000       0x7d Src\usart.o
 .debug_frame   0x00000000       0xfc Src\usart.o
 .ARM.attributes
                0x00000000       0x39 Src\usart.o
 .text          0x00000000       0x14 startup\startup_stm32f334x8.o
 .data          0x00000000        0x0 startup\startup_stm32f334x8.o
 .bss           0x00000000        0x0 startup\startup_stm32f334x8.o
 .text          0x00000000        0x0 c:/program files (x86)/atollic/truestudio for stm32 9.3.0/armtools/bin/../lib/gcc/arm-atollic-eabi/6.3.1/../../../../arm-atollic-eabi/lib/armv7e-m/fpu\libc_nano.a(lib_a-errno.o)
 .data          0x00000000        0x0 c:/program files (x86)/atollic/truestudio for stm32 9.3.0/armtools/bin/../lib/gcc/arm-atollic-eabi/6.3.1/../../../../arm-atollic-eabi/lib/armv7e-m/fpu\libc_nano.a(lib_a-errno.o)
 .bss           0x00000000        0x0 c:/program files (x86)/atollic/truestudio for stm32 9.3.0/armtools/bin/../lib/gcc/arm-atollic-eabi/6.3.1/../../../../arm-atollic-eabi/lib/armv7e-m/fpu\libc_nano.a(lib_a-errno.o)
 .text.__errno  0x00000000        0xc c:/program files (x86)/atollic/truestudio for stm32 9.3.0/armtools/bin/../lib/gcc/arm-atollic-eabi/6.3.1/../../../../arm-atollic-eabi/lib/armv7e-m/fpu\libc_nano.a(lib_a-errno.o)
 .debug_frame   0x00000000       0x20 c:/program files (x86)/atollic/truestudio for stm32 9.3.0/armtools/bin/../lib/gcc/arm-atollic-eabi/6.3.1/../../../../arm-atollic-eabi/lib/armv7e-m/fpu\libc_nano.a(lib_a-errno.o)
 .ARM.attributes
                0x00000000       0x34 c:/program files (x86)/atollic/truestudio for stm32 9.3.0/armtools/bin/../lib/gcc/arm-atollic-eabi/6.3.1/../../../../arm-atollic-eabi/lib/armv7e-m/fpu\libc_nano.a(lib_a-errno.o)
 .text          0x00000000        0x0 c:/program files (x86)/atollic/truestudio for stm32 9.3.0/armtools/bin/../lib/gcc/arm-atollic-eabi/6.3.1/../../../../arm-atollic-eabi/lib/armv7e-m/fpu\libc_nano.a(lib_a-impure.o)
 .data          0x00000000        0x0 c:/program files (x86)/atollic/truestudio for stm32 9.3.0/armtools/bin/../lib/gcc/arm-atollic-eabi/6.3.1/../../../../arm-atollic-eabi/lib/armv7e-m/fpu\libc_nano.a(lib_a-impure.o)
 .bss           0x00000000        0x0 c:/program files (x86)/atollic/truestudio for stm32 9.3.0/armtools/bin/../lib/gcc/arm-atollic-eabi/6.3.1/../../../../arm-atollic-eabi/lib/armv7e-m/fpu\libc_nano.a(lib_a-impure.o)
 .data._impure_ptr
                0x00000000        0x4 c:/program files (x86)/atollic/truestudio for stm32 9.3.0/armtools/bin/../lib/gcc/arm-atollic-eabi/6.3.1/../../../../arm-atollic-eabi/lib/armv7e-m/fpu\libc_nano.a(lib_a-impure.o)
 .data.impure_data
                0x00000000       0x60 c:/program files (x86)/atollic/truestudio for stm32 9.3.0/armtools/bin/../lib/gcc/arm-atollic-eabi/6.3.1/../../../../arm-atollic-eabi/lib/armv7e-m/fpu\libc_nano.a(lib_a-impure.o)
 .rodata._global_impure_ptr
                0x00000000        0x4 c:/program files (x86)/atollic/truestudio for stm32 9.3.0/armtools/bin/../lib/gcc/arm-atollic-eabi/6.3.1/../../../../arm-atollic-eabi/lib/armv7e-m/fpu\libc_nano.a(lib_a-impure.o)
 .ARM.attributes
                0x00000000       0x34 c:/program files (x86)/atollic/truestudio for stm32 9.3.0/armtools/bin/../lib/gcc/arm-atollic-eabi/6.3.1/../../../../arm-atollic-eabi/lib/armv7e-m/fpu\libc_nano.a(lib_a-impure.o)
 .text          0x00000000        0x0 c:/program files (x86)/atollic/truestudio for stm32 9.3.0/armtools/bin/../lib/gcc/arm-atollic-eabi/6.3.1/../../../../arm-atollic-eabi/lib/armv7e-m/fpu\libc_nano.a(lib_a-init.o)
 .data          0x00000000        0x0 c:/program files (x86)/atollic/truestudio for stm32 9.3.0/armtools/bin/../lib/gcc/arm-atollic-eabi/6.3.1/../../../../arm-atollic-eabi/lib/armv7e-m/fpu\libc_nano.a(lib_a-init.o)
 .bss           0x00000000        0x0 c:/program files (x86)/atollic/truestudio for stm32 9.3.0/armtools/bin/../lib/gcc/arm-atollic-eabi/6.3.1/../../../../arm-atollic-eabi/lib/armv7e-m/fpu\libc_nano.a(lib_a-init.o)
 .text          0x00000000        0x0 c:/program files (x86)/atollic/truestudio for stm32 9.3.0/armtools/bin/../lib/gcc/arm-atollic-eabi/6.3.1/../../../../arm-atollic-eabi/lib/armv7e-m/fpu\libc_nano.a(lib_a-memset.o)
 .data          0x00000000        0x0 c:/program files (x86)/atollic/truestudio for stm32 9.3.0/armtools/bin/../lib/gcc/arm-atollic-eabi/6.3.1/../../../../arm-atollic-eabi/lib/armv7e-m/fpu\libc_nano.a(lib_a-memset.o)
 .bss           0x00000000        0x0 c:/program files (x86)/atollic/truestudio for stm32 9.3.0/armtools/bin/../lib/gcc/arm-atollic-eabi/6.3.1/../../../../arm-atollic-eabi/lib/armv7e-m/fpu\libc_nano.a(lib_a-memset.o)
 .text          0x00000000        0x0 c:/program files (x86)/atollic/truestudio for stm32 9.3.0/armtools/bin/../lib/gcc/arm-atollic-eabi/6.3.1/armv7e-m/fpu/crtend.o
 .data          0x00000000        0x0 c:/program files (x86)/atollic/truestudio for stm32 9.3.0/armtools/bin/../lib/gcc/arm-atollic-eabi/6.3.1/armv7e-m/fpu/crtend.o
 .bss           0x00000000        0x0 c:/program files (x86)/atollic/truestudio for stm32 9.3.0/armtools/bin/../lib/gcc/arm-atollic-eabi/6.3.1/armv7e-m/fpu/crtend.o
 .eh_frame      0x00000000        0x4 c:/program files (x86)/atollic/truestudio for stm32 9.3.0/armtools/bin/../lib/gcc/arm-atollic-eabi/6.3.1/armv7e-m/fpu/crtend.o
 .ARM.attributes
                0x00000000       0x34 c:/program files (x86)/atollic/truestudio for stm32 9.3.0/armtools/bin/../lib/gcc/arm-atollic-eabi/6.3.1/armv7e-m/fpu/crtend.o
 .text          0x00000000        0x0 c:/program files (x86)/atollic/truestudio for stm32 9.3.0/armtools/bin/../lib/gcc/arm-atollic-eabi/6.3.1/armv7e-m/fpu/crtn.o
 .data          0x00000000        0x0 c:/program files (x86)/atollic/truestudio for stm32 9.3.0/armtools/bin/../lib/gcc/arm-atollic-eabi/6.3.1/armv7e-m/fpu/crtn.o
 .bss           0x00000000        0x0 c:/program files (x86)/atollic/truestudio for stm32 9.3.0/armtools/bin/../lib/gcc/arm-atollic-eabi/6.3.1/armv7e-m/fpu/crtn.o

Memory Configuration

Name             Origin             Length             Attributes
RAM              0x20000000         0x00003000         xrw
CCMRAM           0x10000000         0x00001000         xrw
FLASH            0x08000000         0x00010000         xr
*default*        0x00000000         0xffffffff

Linker script and memory map

LOAD c:/program files (x86)/atollic/truestudio for stm32 9.3.0/armtools/bin/../lib/gcc/arm-atollic-eabi/6.3.1/armv7e-m/fpu/crti.o
LOAD c:/program files (x86)/atollic/truestudio for stm32 9.3.0/armtools/bin/../lib/gcc/arm-atollic-eabi/6.3.1/armv7e-m/fpu/crtbegin.o
LOAD Drivers\STM32F3xx_HAL_Driver\Src\stm32f3xx_ll_adc.o
LOAD Drivers\STM32F3xx_HAL_Driver\Src\stm32f3xx_ll_dma.o
LOAD Drivers\STM32F3xx_HAL_Driver\Src\stm32f3xx_ll_exti.o
LOAD Drivers\STM32F3xx_HAL_Driver\Src\stm32f3xx_ll_gpio.o
LOAD Drivers\STM32F3xx_HAL_Driver\Src\stm32f3xx_ll_rcc.o
LOAD Drivers\STM32F3xx_HAL_Driver\Src\stm32f3xx_ll_rtc.o
LOAD Drivers\STM32F3xx_HAL_Driver\Src\stm32f3xx_ll_spi.o
LOAD Drivers\STM32F3xx_HAL_Driver\Src\stm32f3xx_ll_usart.o
LOAD Drivers\STM32F3xx_HAL_Driver\Src\stm32f3xx_ll_utils.o
LOAD HAL\HAL_GPIO.o
LOAD HAL\HAL_LCD.o
LOAD HAL\HAL_Pot.o
LOAD HAL\HAL_RTC.o
LOAD Src\adc.o
LOAD Src\gpio.o
LOAD Src\gpio_bismar.o
LOAD Src\main.o
LOAD Src\rtc.o
LOAD Src\spi.o
LOAD Src\stm32f3xx_it.o
LOAD Src\syscalls.o
LOAD Src\system_stm32f3xx.o
LOAD Src\usart.o
LOAD startup\startup_stm32f334x8.o
                0x00000080                malloc_getpagesize_P = 0x80
START GROUP
LOAD c:/program files (x86)/atollic/truestudio for stm32 9.3.0/armtools/bin/../lib/gcc/arm-atollic-eabi/6.3.1/../../../../arm-atollic-eabi/lib/armv7e-m/fpu\libc_nano.a
LOAD c:/program files (x86)/atollic/truestudio for stm32 9.3.0/armtools/bin/../lib/gcc/arm-atollic-eabi/6.3.1/../../../../arm-atollic-eabi/lib/armv7e-m/fpu\libm.a
END GROUP
START GROUP
LOAD c:/program files (x86)/atollic/truestudio for stm32 9.3.0/armtools/bin/../lib/gcc/arm-atollic-eabi/6.3.1/armv7e-m/fpu\libgcc.a
LOAD c:/program files (x86)/atollic/truestudio for stm32 9.3.0/armtools/bin/../lib/gcc/arm-atollic-eabi/6.3.1/../../../../arm-atollic-eabi/lib/armv7e-m/fpu\libc_nano.a
END GROUP
START GROUP
LOAD c:/program files (x86)/atollic/truestudio for stm32 9.3.0/armtools/bin/../lib/gcc/arm-atollic-eabi/6.3.1/armv7e-m/fpu\libgcc.a
LOAD c:/program files (x86)/atollic/truestudio for stm32 9.3.0/armtools/bin/../lib/gcc/arm-atollic-eabi/6.3.1/../../../../arm-atollic-eabi/lib/armv7e-m/fpu\libc_nano.a
LOAD c:/program files (x86)/atollic/truestudio for stm32 9.3.0/armtools/bin/../lib/gcc/arm-atollic-eabi/6.3.1/../../../../arm-atollic-eabi/lib/armv7e-m/fpu\libnosys.a
END GROUP
START GROUP
LOAD c:/program files (x86)/atollic/truestudio for stm32 9.3.0/armtools/bin/../lib/gcc/arm-atollic-eabi/6.3.1/armv7e-m/fpu\libgcc.a
LOAD c:/program files (x86)/atollic/truestudio for stm32 9.3.0/armtools/bin/../lib/gcc/arm-atollic-eabi/6.3.1/../../../../arm-atollic-eabi/lib/armv7e-m/fpu\libc_nano.a
LOAD c:/program files (x86)/atollic/truestudio for stm32 9.3.0/armtools/bin/../lib/gcc/arm-atollic-eabi/6.3.1/../../../../arm-atollic-eabi/lib/armv7e-m/fpu\libnosys.a
END GROUP
LOAD c:/program files (x86)/atollic/truestudio for stm32 9.3.0/armtools/bin/../lib/gcc/arm-atollic-eabi/6.3.1/armv7e-m/fpu/crtend.o
LOAD c:/program files (x86)/atollic/truestudio for stm32 9.3.0/armtools/bin/../lib/gcc/arm-atollic-eabi/6.3.1/armv7e-m/fpu/crtn.o
                0x20003000                _estack = 0x20003000
                0x00000200                _Min_Heap_Size = 0x200
                0x00000400                _Min_Stack_Size = 0x400

.isr_vector     0x08000000      0x188
                0x08000000                . = ALIGN (0x4)
 *(.isr_vector)
 .isr_vector    0x08000000      0x188 startup\startup_stm32f334x8.o
                0x08000000                g_pfnVectors
                0x08000188                . = ALIGN (0x4)

.text           0x08000188     0x3460
                0x08000188                . = ALIGN (0x4)
 *(.text)
 .text          0x08000188       0x40 c:/program files (x86)/atollic/truestudio for stm32 9.3.0/armtools/bin/../lib/gcc/arm-atollic-eabi/6.3.1/armv7e-m/fpu/crtbegin.o
 *(.text*)
 .text.LL_ADC_REG_SetSequencerLength
                0x080001c8       0x26 Drivers\STM32F3xx_HAL_Driver\Src\stm32f3xx_ll_adc.o
 .text.LL_ADC_IsEnabled
                0x080001ee       0x26 Drivers\STM32F3xx_HAL_Driver\Src\stm32f3xx_ll_adc.o
 .text.LL_ADC_CommonInit
                0x08000214       0x80 Drivers\STM32F3xx_HAL_Driver\Src\stm32f3xx_ll_adc.o
                0x08000214                LL_ADC_CommonInit
 .text.LL_ADC_Init
                0x08000294       0x4c Drivers\STM32F3xx_HAL_Driver\Src\stm32f3xx_ll_adc.o
                0x08000294                LL_ADC_Init
 .text.LL_ADC_REG_Init
                0x080002e0       0x94 Drivers\STM32F3xx_HAL_Driver\Src\stm32f3xx_ll_adc.o
                0x080002e0                LL_ADC_REG_Init
 .text.LL_EXTI_EnableIT_0_31
                0x08000374       0x24 Drivers\STM32F3xx_HAL_Driver\Src\stm32f3xx_ll_exti.o
 .text.LL_EXTI_EnableIT_32_63
                0x08000398       0x24 Drivers\STM32F3xx_HAL_Driver\Src\stm32f3xx_ll_exti.o
 .text.LL_EXTI_DisableIT_0_31
                0x080003bc       0x28 Drivers\STM32F3xx_HAL_Driver\Src\stm32f3xx_ll_exti.o
 .text.LL_EXTI_DisableIT_32_63
                0x080003e4       0x28 Drivers\STM32F3xx_HAL_Driver\Src\stm32f3xx_ll_exti.o
 .text.LL_EXTI_EnableEvent_0_31
                0x0800040c       0x24 Drivers\STM32F3xx_HAL_Driver\Src\stm32f3xx_ll_exti.o
 .text.LL_EXTI_EnableEvent_32_63
                0x08000430       0x24 Drivers\STM32F3xx_HAL_Driver\Src\stm32f3xx_ll_exti.o
 .text.LL_EXTI_DisableEvent_0_31
                0x08000454       0x28 Drivers\STM32F3xx_HAL_Driver\Src\stm32f3xx_ll_exti.o
 .text.LL_EXTI_DisableEvent_32_63
                0x0800047c       0x28 Drivers\STM32F3xx_HAL_Driver\Src\stm32f3xx_ll_exti.o
 .text.LL_EXTI_EnableRisingTrig_0_31
                0x080004a4       0x24 Drivers\STM32F3xx_HAL_Driver\Src\stm32f3xx_ll_exti.o
 .text.LL_EXTI_EnableRisingTrig_32_63
                0x080004c8       0x24 Drivers\STM32F3xx_HAL_Driver\Src\stm32f3xx_ll_exti.o
 .text.LL_EXTI_DisableRisingTrig_0_31
                0x080004ec       0x28 Drivers\STM32F3xx_HAL_Driver\Src\stm32f3xx_ll_exti.o
 .text.LL_EXTI_DisableRisingTrig_32_63
                0x08000514       0x28 Drivers\STM32F3xx_HAL_Driver\Src\stm32f3xx_ll_exti.o
 .text.LL_EXTI_EnableFallingTrig_0_31
                0x0800053c       0x24 Drivers\STM32F3xx_HAL_Driver\Src\stm32f3xx_ll_exti.o
 .text.LL_EXTI_EnableFallingTrig_32_63
                0x08000560       0x24 Drivers\STM32F3xx_HAL_Driver\Src\stm32f3xx_ll_exti.o
 .text.LL_EXTI_DisableFallingTrig_0_31
                0x08000584       0x28 Drivers\STM32F3xx_HAL_Driver\Src\stm32f3xx_ll_exti.o
 .text.LL_EXTI_DisableFallingTrig_32_63
                0x080005ac       0x28 Drivers\STM32F3xx_HAL_Driver\Src\stm32f3xx_ll_exti.o
 .text.LL_EXTI_Init
                0x080005d4      0x1ca Drivers\STM32F3xx_HAL_Driver\Src\stm32f3xx_ll_exti.o
                0x080005d4                LL_EXTI_Init
 .text.LL_GPIO_SetPinMode
                0x0800079e       0x5e Drivers\STM32F3xx_HAL_Driver\Src\stm32f3xx_ll_gpio.o
 .text.LL_GPIO_SetPinOutputType
                0x080007fc       0x30 Drivers\STM32F3xx_HAL_Driver\Src\stm32f3xx_ll_gpio.o
 .text.LL_GPIO_SetPinSpeed
                0x0800082c       0x5e Drivers\STM32F3xx_HAL_Driver\Src\stm32f3xx_ll_gpio.o
 .text.LL_GPIO_SetPinPull
                0x0800088a       0x5e Drivers\STM32F3xx_HAL_Driver\Src\stm32f3xx_ll_gpio.o
 .text.LL_GPIO_SetAFPin_0_7
                0x080008e8       0x5e Drivers\STM32F3xx_HAL_Driver\Src\stm32f3xx_ll_gpio.o
 .text.LL_GPIO_SetAFPin_8_15
                0x08000946       0x62 Drivers\STM32F3xx_HAL_Driver\Src\stm32f3xx_ll_gpio.o
 .text.LL_GPIO_Init
                0x080009a8       0xe0 Drivers\STM32F3xx_HAL_Driver\Src\stm32f3xx_ll_gpio.o
                0x080009a8                LL_GPIO_Init
 .text.LL_RTC_SetHourFormat
                0x08000a88       0x26 Drivers\STM32F3xx_HAL_Driver\Src\stm32f3xx_ll_rtc.o
 .text.LL_RTC_GetHourFormat
                0x08000aae       0x1c Drivers\STM32F3xx_HAL_Driver\Src\stm32f3xx_ll_rtc.o
 .text.LL_RTC_EnableInitMode
                0x08000aca       0x1c Drivers\STM32F3xx_HAL_Driver\Src\stm32f3xx_ll_rtc.o
 .text.LL_RTC_DisableInitMode
                0x08000ae6       0x1c Drivers\STM32F3xx_HAL_Driver\Src\stm32f3xx_ll_rtc.o
 .text.LL_RTC_IsShadowRegBypassEnabled
                0x08000b02       0x26 Drivers\STM32F3xx_HAL_Driver\Src\stm32f3xx_ll_rtc.o
 .text.LL_RTC_SetAsynchPrescaler
                0x08000b28       0x28 Drivers\STM32F3xx_HAL_Driver\Src\stm32f3xx_ll_rtc.o
 .text.LL_RTC_SetSynchPrescaler
                0x08000b50       0x2a Drivers\STM32F3xx_HAL_Driver\Src\stm32f3xx_ll_rtc.o
 .text.LL_RTC_EnableWriteProtection
                0x08000b7a       0x1a Drivers\STM32F3xx_HAL_Driver\Src\stm32f3xx_ll_rtc.o
 .text.LL_RTC_DisableWriteProtection
                0x08000b94       0x20 Drivers\STM32F3xx_HAL_Driver\Src\stm32f3xx_ll_rtc.o
 .text.LL_RTC_TIME_Config
                0x08000bb4       0x4e Drivers\STM32F3xx_HAL_Driver\Src\stm32f3xx_ll_rtc.o
 *fill*         0x08000c02        0x2 
 .text.LL_RTC_DATE_Config
                0x08000c04       0x50 Drivers\STM32F3xx_HAL_Driver\Src\stm32f3xx_ll_rtc.o
 .text.LL_RTC_IsActiveFlag_INIT
                0x08000c54       0x26 Drivers\STM32F3xx_HAL_Driver\Src\stm32f3xx_ll_rtc.o
 .text.LL_RTC_IsActiveFlag_RS
                0x08000c7a       0x26 Drivers\STM32F3xx_HAL_Driver\Src\stm32f3xx_ll_rtc.o
 .text.LL_RTC_ClearFlag_RS
                0x08000ca0       0x24 Drivers\STM32F3xx_HAL_Driver\Src\stm32f3xx_ll_rtc.o
 .text.LL_SYSTICK_IsActiveCounterFlag
                0x08000cc4       0x28 Drivers\STM32F3xx_HAL_Driver\Src\stm32f3xx_ll_rtc.o
 .text.LL_RTC_Init
                0x08000cec       0x5e Drivers\STM32F3xx_HAL_Driver\Src\stm32f3xx_ll_rtc.o
                0x08000cec                LL_RTC_Init
 *fill*         0x08000d4a        0x2 
 .text.LL_RTC_TIME_Init
                0x08000d4c      0x14c Drivers\STM32F3xx_HAL_Driver\Src\stm32f3xx_ll_rtc.o
                0x08000d4c                LL_RTC_TIME_Init
 .text.LL_RTC_TIME_StructInit
                0x08000e98       0x2c Drivers\STM32F3xx_HAL_Driver\Src\stm32f3xx_ll_rtc.o
                0x08000e98                LL_RTC_TIME_StructInit
 .text.LL_RTC_DATE_Init
                0x08000ec4      0x148 Drivers\STM32F3xx_HAL_Driver\Src\stm32f3xx_ll_rtc.o
                0x08000ec4                LL_RTC_DATE_Init
 .text.LL_RTC_DATE_StructInit
                0x0800100c       0x2c Drivers\STM32F3xx_HAL_Driver\Src\stm32f3xx_ll_rtc.o
                0x0800100c                LL_RTC_DATE_StructInit
 .text.LL_RTC_EnterInitMode
                0x08001038       0x6a Drivers\STM32F3xx_HAL_Driver\Src\stm32f3xx_ll_rtc.o
                0x08001038                LL_RTC_EnterInitMode
 .text.LL_RTC_WaitForSynchro
                0x080010a2       0xa2 Drivers\STM32F3xx_HAL_Driver\Src\stm32f3xx_ll_rtc.o
                0x080010a2                LL_RTC_WaitForSynchro
 .text.LL_SPI_IsEnabled
                0x08001144       0x26 Drivers\STM32F3xx_HAL_Driver\Src\stm32f3xx_ll_spi.o
 .text.LL_SPI_SetRxFIFOThreshold
                0x0800116a       0x26 Drivers\STM32F3xx_HAL_Driver\Src\stm32f3xx_ll_spi.o
 .text.LL_SPI_SetCRCPolynomial
                0x08001190       0x20 Drivers\STM32F3xx_HAL_Driver\Src\stm32f3xx_ll_spi.o
 .text.LL_SPI_Init
                0x080011b0       0xb0 Drivers\STM32F3xx_HAL_Driver\Src\stm32f3xx_ll_spi.o
                0x080011b0                LL_SPI_Init
 .text.LL_InitTick
                0x08001260       0x34 Drivers\STM32F3xx_HAL_Driver\Src\stm32f3xx_ll_utils.o
 .text.LL_Init1msTick
                0x08001294       0x1a Drivers\STM32F3xx_HAL_Driver\Src\stm32f3xx_ll_utils.o
                0x08001294                LL_Init1msTick
 *fill*         0x080012ae        0x2 
 .text.LL_mDelay
                0x080012b0       0x48 Drivers\STM32F3xx_HAL_Driver\Src\stm32f3xx_ll_utils.o
                0x080012b0                LL_mDelay
 .text.LL_SetSystemCoreClock
                0x080012f8       0x20 Drivers\STM32F3xx_HAL_Driver\Src\stm32f3xx_ll_utils.o
                0x080012f8                LL_SetSystemCoreClock
 .text.HAL_getPRESSED
                0x08001318       0x90 HAL\HAL_GPIO.o
                0x08001318                HAL_getPRESSED
 .text.LL_GPIO_SetOutputPin
                0x080013a8       0x1c HAL\HAL_LCD.o
 .text.LL_GPIO_ResetOutputPin
                0x080013c4       0x1c HAL\HAL_LCD.o
 .text.HAL_LCD_dataWrite
                0x080013e0       0x2e HAL\HAL_LCD.o
                0x080013e0                HAL_LCD_dataWrite
 .text.HAL_LCD_cmdWrite
                0x0800140e       0x2e HAL\HAL_LCD.o
                0x0800140e                HAL_LCD_cmdWrite
 .text.HAL_LCD_dispImage
                0x0800143c       0xf2 HAL\HAL_LCD.o
                0x0800143c                HAL_LCD_dispImage
 *fill*         0x0800152e        0x2 
 .text.HAL_LCD_printletter
                0x08001530       0x40 HAL\HAL_LCD.o
                0x08001530                HAL_LCD_printletter
 .text.HAL_LCD_print
                0x08001570       0x62 HAL\HAL_LCD.o
                0x08001570                HAL_LCD_print
 *fill*         0x080015d2        0x2 
 .text.HAL_LCD_printPotUpdate
                0x080015d4       0xb8 HAL\HAL_LCD.o
                0x080015d4                HAL_LCD_printPotUpdate
 .text.HAL_LCD_Clear
                0x0800168c       0x98 HAL\HAL_LCD.o
                0x0800168c                HAL_LCD_Clear
 .text.HAL_LCD_Init
                0x08001724       0x72 HAL\HAL_LCD.o
                0x08001724                HAL_LCD_Init
 .text.HAL_Pot_Available
                0x08001796       0x14 HAL\HAL_Pot.o
                0x08001796                HAL_Pot_Available
 .text.HAL_PotValue
                0x080017aa       0x2c HAL\HAL_Pot.o
                0x080017aa                HAL_PotValue
 .text.HAL_getHR
                0x080017d6      0x212 HAL\HAL_Pot.o
                0x080017d6                HAL_getHR
 .text.HAL_getMin
                0x080019e8      0x538 HAL\HAL_Pot.o
                0x080019e8                HAL_getMin
 .text.HAL_RTC_SetTimePot
                0x08001f20       0x3e HAL\HAL_RTC.o
                0x08001f20                HAL_RTC_SetTimePot
 *fill*         0x08001f5e        0x2 
 .text.HAL_RTC_Time2LCD
                0x08001f60      0x144 HAL\HAL_RTC.o
                0x08001f60                HAL_RTC_Time2LCD
 .text.LL_AHB1_GRP1_EnableClock
                0x080020a4       0x30 Src\adc.o
 .text.LL_ADC_REG_SetSequencerRanks
                0x080020d4       0x6e Src\adc.o
 .text.LL_ADC_SetChannelSamplingTime
                0x08002142       0x98 Src\adc.o
 *fill*         0x080021da        0x2 
 .text.LL_ADC_SetChannelSingleDiff
                0x080021dc       0x48 Src\adc.o
 .text.LL_ADC_EnableInternalRegulator
                0x08002224       0x34 Src\adc.o
 .text.LL_ADC_Enable
                0x08002258       0x28 Src\adc.o
 .text.LL_ADC_StartCalibration
                0x08002280       0x32 Src\adc.o
 .text.LL_ADC_IsCalibrationOnGoing
                0x080022b2       0x28 Src\adc.o
 .text.LL_ADC_REG_StartConversion
                0x080022da       0x28 Src\adc.o
 .text.LL_ADC_REG_ReadConversionData12
                0x08002302       0x1a Src\adc.o
 .text.LL_ADC_IsActiveFlag_ADRDY
                0x0800231c       0x26 Src\adc.o
 .text.LL_ADC_IsActiveFlag_EOC
                0x08002342       0x26 Src\adc.o
 .text.LL_ADC_ClearFlag_EOC
                0x08002368       0x1a Src\adc.o
 *fill*         0x08002382        0x2 
 .text.MX_ADC1_Init
                0x08002384      0x13c Src\adc.o
                0x08002384                MX_ADC1_Init
 .text.MX_ADC1_Calibration
                0x080024c0       0x22 Src\adc.o
                0x080024c0                MX_ADC1_Calibration
 .text.MX_ADC1_Enable
                0x080024e2       0x20 Src\adc.o
                0x080024e2                MX_ADC1_Enable
 *fill*         0x08002502        0x2 
 .text.MX_ADC1_SetChannel
                0x08002504       0x48 Src\adc.o
                0x08002504                MX_ADC1_SetChannel
 .text.MX_ADC1_StartConvertion
                0x0800254c       0x28 Src\adc.o
                0x0800254c                MX_ADC1_StartConvertion
 .text.MX_ADC1_Value
                0x08002574       0x12 Src\adc.o
                0x08002574                MX_ADC1_Value
 *fill*         0x08002586        0x2 
 .text.LL_AHB1_GRP1_EnableClock
                0x08002588       0x30 Src\gpio.o
 .text.LL_SYSCFG_SetEXTISource
                0x080025b8       0x58 Src\gpio.o
 .text.LL_GPIO_SetPinMode
                0x08002610       0x5e Src\gpio.o
 .text.LL_GPIO_SetPinPull
                0x0800266e       0x5e Src\gpio.o
 .text.LL_GPIO_ResetOutputPin
                0x080026cc       0x1c Src\gpio.o
 .text.MX_GPIO_Init
                0x080026e8      0x134 Src\gpio.o
                0x080026e8                MX_GPIO_Init
 .text.digitalREAD
                0x0800281c      0x128 Src\gpio_bismar.o
                0x0800281c                digitalREAD
 .text.__NVIC_SetPriorityGrouping
                0x08002944       0x48 Src\main.o
 .text.LL_RCC_HSI_Enable
                0x0800298c       0x20 Src\main.o
 .text.LL_RCC_HSI_IsReady
                0x080029ac       0x24 Src\main.o
 .text.LL_RCC_HSI_SetCalibTrimming
                0x080029d0       0x2c Src\main.o
 .text.LL_RCC_LSE_Enable
                0x080029fc       0x20 Src\main.o
 .text.LL_RCC_LSE_SetDriveCapability
                0x08002a1c       0x28 Src\main.o
 .text.LL_RCC_LSE_IsReady
                0x08002a44       0x24 Src\main.o
 .text.LL_RCC_SetSysClkSource
                0x08002a68       0x28 Src\main.o
 .text.LL_RCC_GetSysClkSource
                0x08002a90       0x1c Src\main.o
 .text.LL_RCC_SetAHBPrescaler
                0x08002aac       0x28 Src\main.o
 .text.LL_RCC_SetAPB1Prescaler
                0x08002ad4       0x28 Src\main.o
 .text.LL_RCC_SetAPB2Prescaler
                0x08002afc       0x28 Src\main.o
 .text.LL_RCC_SetRTCClockSource
                0x08002b24       0x28 Src\main.o
 .text.LL_RCC_GetRTCClockSource
                0x08002b4c       0x1c Src\main.o
 .text.LL_RCC_EnableRTC
                0x08002b68       0x20 Src\main.o
 .text.LL_RCC_ForceBackupDomainReset
                0x08002b88       0x20 Src\main.o
 .text.LL_RCC_ReleaseBackupDomainReset
                0x08002ba8       0x20 Src\main.o
 .text.LL_APB1_GRP1_EnableClock
                0x08002bc8       0x30 Src\main.o
 .text.LL_APB2_GRP1_EnableClock
                0x08002bf8       0x30 Src\main.o
 .text.LL_FLASH_SetLatency
                0x08002c28       0x28 Src\main.o
 .text.LL_FLASH_GetLatency
                0x08002c50       0x1c Src\main.o
 .text.LL_PWR_EnableBkUpAccess
                0x08002c6c       0x20 Src\main.o
 .text.main     0x08002c8c      0x1d0 Src\main.o
                0x08002c8c                main
 .text.SystemClock_Config
                0x08002e5c       0xac Src\main.o
                0x08002e5c                SystemClock_Config
 .text.LL_RCC_EnableRTC
                0x08002f08       0x20 Src\rtc.o
 .text.LL_RTC_SetAsynchPrescaler
                0x08002f28       0x28 Src\rtc.o
 .text.LL_RTC_SetSynchPrescaler
                0x08002f50       0x2a Src\rtc.o
 .text.LL_RTC_TIME_GetHour
                0x08002f7a       0x1e Src\rtc.o
 .text.LL_RTC_TIME_GetMinute
                0x08002f98       0x1e Src\rtc.o
 .text.LL_RTC_TIME_GetSecond
                0x08002fb6       0x1c Src\rtc.o
 *fill*         0x08002fd2        0x2 
 .text.MX_RTC_Init
                0x08002fd4       0x84 Src\rtc.o
                0x08002fd4                MX_RTC_Init
 .text.MX_RTC_GetTime
                0x08003058       0xbc Src\rtc.o
                0x08003058                MX_RTC_GetTime
 .text.MX_RTC_SetTime
                0x08003114       0x88 Src\rtc.o
                0x08003114                MX_RTC_SetTime
 .text.Update_TR
                0x0800319c       0x34 Src\rtc.o
                0x0800319c                Update_TR
 .text.LL_AHB1_GRP1_EnableClock
                0x080031d0       0x30 Src\spi.o
 .text.LL_APB2_GRP1_EnableClock
                0x08003200       0x30 Src\spi.o
 .text.LL_SPI_Enable
                0x08003230       0x20 Src\spi.o
 .text.LL_SPI_SetStandard
                0x08003250       0x26 Src\spi.o
 .text.LL_SPI_SetRxFIFOThreshold
                0x08003276       0x26 Src\spi.o
 .text.LL_SPI_DisableNSSPulseMgt
                0x0800329c       0x20 Src\spi.o
 .text.LL_SPI_IsActiveFlag_TXE
                0x080032bc       0x26 Src\spi.o
 .text.LL_SPI_IsActiveFlag_BSY
                0x080032e2       0x26 Src\spi.o
 .text.LL_SPI_TransmitData8
                0x08003308       0x24 Src\spi.o
 .text.LL_GPIO_SetOutputPin
                0x0800332c       0x1c Src\spi.o
 .text.LL_GPIO_ResetOutputPin
                0x08003348       0x1c Src\spi.o
 .text.MX_SPI1_Init
                0x08003364       0xbc Src\spi.o
                0x08003364                MX_SPI1_Init
 .text.MX_SPI1_Enable
                0x08003420       0x14 Src\spi.o
                0x08003420                MX_SPI1_Enable
 .text.MX_SPI1_CSlow
                0x08003434       0x14 Src\spi.o
                0x08003434                MX_SPI1_CSlow
 .text.MX_SPI1_CShigh
                0x08003448       0x14 Src\spi.o
                0x08003448                MX_SPI1_CShigh
 .text.MX_SPI1_Send
                0x0800345c       0x4c Src\spi.o
                0x0800345c                MX_SPI1_Send
 .text.NMI_Handler
                0x080034a8        0x6 Src\stm32f3xx_it.o
                0x080034a8                NMI_Handler
 .text.HardFault_Handler
                0x080034ae        0x6 Src\stm32f3xx_it.o
                0x080034ae                HardFault_Handler
 .text.MemManage_Handler
                0x080034b4        0x6 Src\stm32f3xx_it.o
                0x080034b4                MemManage_Handler
 .text.BusFault_Handler
                0x080034ba        0x6 Src\stm32f3xx_it.o
                0x080034ba                BusFault_Handler
 .text.UsageFault_Handler
                0x080034c0        0x6 Src\stm32f3xx_it.o
                0x080034c0                UsageFault_Handler
 .text.SVC_Handler
                0x080034c6        0xe Src\stm32f3xx_it.o
                0x080034c6                SVC_Handler
 .text.DebugMon_Handler
                0x080034d4        0xe Src\stm32f3xx_it.o
                0x080034d4                DebugMon_Handler
 .text.PendSV_Handler
                0x080034e2        0xe Src\stm32f3xx_it.o
                0x080034e2                PendSV_Handler
 .text.SysTick_Handler
                0x080034f0        0xe Src\stm32f3xx_it.o
                0x080034f0                SysTick_Handler
 *fill*         0x080034fe        0x2 
 .text.SystemInit
                0x08003500       0x24 Src\system_stm32f3xx.o
                0x08003500                SystemInit
 .text.Reset_Handler
                0x08003524       0x50 startup\startup_stm32f334x8.o
                0x08003524                Reset_Handler
 .text.Default_Handler
                0x08003574        0x2 startup\startup_stm32f334x8.o
                0x08003574                RTC_Alarm_IRQHandler
                0x08003574                HRTIM1_Master_IRQHandler
                0x08003574                TIM1_CC_IRQHandler
                0x08003574                HRTIM1_FLT_IRQHandler
                0x08003574                PVD_IRQHandler
                0x08003574                HRTIM1_TIMD_IRQHandler
                0x08003574                TAMP_STAMP_IRQHandler
                0x08003574                EXTI3_IRQHandler
                0x08003574                EXTI0_IRQHandler
                0x08003574                FPU_IRQHandler
                0x08003574                CAN_TX_IRQHandler
                0x08003574                TIM1_UP_TIM16_IRQHandler
                0x08003574                ADC1_2_IRQHandler
                0x08003574                HRTIM1_TIME_IRQHandler
                0x08003574                SPI1_IRQHandler
                0x08003574                CAN_SCE_IRQHandler
                0x08003574                HRTIM1_TIMC_IRQHandler
                0x08003574                DMA1_Channel4_IRQHandler
                0x08003574                USART3_IRQHandler
                0x08003574                DMA1_Channel7_IRQHandler
                0x08003574                TIM7_DAC2_IRQHandler
                0x08003574                CAN_RX1_IRQHandler
                0x08003574                I2C1_EV_IRQHandler
                0x08003574                DMA1_Channel6_IRQHandler
                0x08003574                TIM3_IRQHandler
                0x08003574                RCC_IRQHandler
                0x08003574                DMA1_Channel1_IRQHandler
                0x08003574                Default_Handler
                0x08003574                EXTI15_10_IRQHandler
                0x08003574                COMP2_IRQHandler
                0x08003574                HRTIM1_TIMA_IRQHandler
                0x08003574                TIM6_DAC1_IRQHandler
                0x08003574                EXTI9_5_IRQHandler
                0x08003574                RTC_WKUP_IRQHandler
                0x08003574                DMA1_Channel5_IRQHandler
                0x08003574                EXTI4_IRQHandler
                0x08003574                HRTIM1_TIMB_IRQHandler
                0x08003574                TIM1_TRG_COM_TIM17_IRQHandler
                0x08003574                DMA1_Channel3_IRQHandler
                0x08003574                WWDG_IRQHandler
                0x08003574                TIM2_IRQHandler
                0x08003574                EXTI1_IRQHandler
                0x08003574                COMP4_6_IRQHandler
                0x08003574                USART2_IRQHandler
                0x08003574                DMA1_Channel2_IRQHandler
                0x08003574                FLASH_IRQHandler
                0x08003574                USART1_IRQHandler
                0x08003574                CAN_RX0_IRQHandler
                0x08003574                I2C1_ER_IRQHandler
                0x08003574                EXTI2_TSC_IRQHandler
                0x08003574                TIM1_BRK_TIM15_IRQHandler
 *fill*         0x08003576        0x2 
 .text.__libc_init_array
                0x08003578       0x48 c:/program files (x86)/atollic/truestudio for stm32 9.3.0/armtools/bin/../lib/gcc/arm-atollic-eabi/6.3.1/../../../../arm-atollic-eabi/lib/armv7e-m/fpu\libc_nano.a(lib_a-init.o)
                0x08003578                __libc_init_array
 .text.memset   0x080035c0       0x10 c:/program files (x86)/atollic/truestudio for stm32 9.3.0/armtools/bin/../lib/gcc/arm-atollic-eabi/6.3.1/../../../../arm-atollic-eabi/lib/armv7e-m/fpu\libc_nano.a(lib_a-memset.o)
                0x080035c0                memset
 *(.glue_7)
 .glue_7        0x080035d0        0x0 linker stubs
 *(.glue_7t)
 .glue_7t       0x080035d0        0x0 linker stubs
 *(.eh_frame)
 .eh_frame      0x080035d0        0x0 c:/program files (x86)/atollic/truestudio for stm32 9.3.0/armtools/bin/../lib/gcc/arm-atollic-eabi/6.3.1/armv7e-m/fpu/crtbegin.o
 *(.init)
 .init          0x080035d0        0x4 c:/program files (x86)/atollic/truestudio for stm32 9.3.0/armtools/bin/../lib/gcc/arm-atollic-eabi/6.3.1/armv7e-m/fpu/crti.o
                0x080035d0                _init
 .init          0x080035d4        0x8 c:/program files (x86)/atollic/truestudio for stm32 9.3.0/armtools/bin/../lib/gcc/arm-atollic-eabi/6.3.1/armv7e-m/fpu/crtn.o
 *(.fini)
 .fini          0x080035dc        0x4 c:/program files (x86)/atollic/truestudio for stm32 9.3.0/armtools/bin/../lib/gcc/arm-atollic-eabi/6.3.1/armv7e-m/fpu/crti.o
                0x080035dc                _fini
 .fini          0x080035e0        0x8 c:/program files (x86)/atollic/truestudio for stm32 9.3.0/armtools/bin/../lib/gcc/arm-atollic-eabi/6.3.1/armv7e-m/fpu/crtn.o
                0x080035e8                . = ALIGN (0x4)
                0x080035e8                _etext = .

.vfp11_veneer   0x080035e8        0x0
 .vfp11_veneer  0x080035e8        0x0 linker stubs

.v4_bx          0x080035e8        0x0
 .v4_bx         0x080035e8        0x0 linker stubs

.iplt           0x080035e8        0x0
 .iplt          0x080035e8        0x0 c:/program files (x86)/atollic/truestudio for stm32 9.3.0/armtools/bin/../lib/gcc/arm-atollic-eabi/6.3.1/armv7e-m/fpu/crtbegin.o

.rodata         0x080035e8       0x4c
                0x080035e8                . = ALIGN (0x4)
 *(.rodata)
 .rodata        0x080035e8       0x3a Src\main.o
 *(.rodata*)
 *fill*         0x08003622        0x2 
 .rodata.ADC_ChannelMap
                0x08003624        0x8 Src\adc.o
                0x08003624                ADC_ChannelMap
 .rodata.ADC_Samplint_Time_Map
                0x0800362c        0x8 Src\adc.o
                0x0800362c                ADC_Samplint_Time_Map
                0x08003634                . = ALIGN (0x4)

.rel.dyn        0x08003634        0x0
 .rel.iplt      0x08003634        0x0 c:/program files (x86)/atollic/truestudio for stm32 9.3.0/armtools/bin/../lib/gcc/arm-atollic-eabi/6.3.1/armv7e-m/fpu/crtbegin.o

.ARM.extab
 *(.ARM.extab* .gnu.linkonce.armextab.*)

.ARM            0x08003634        0x0
                0x08003634                __exidx_start = .
 *(.ARM.exidx*)
                0x08003634                __exidx_end = .

.preinit_array  0x08003634        0x0
                0x08003634                PROVIDE (__preinit_array_start, .)
 *(.preinit_array*)
                0x08003634                PROVIDE (__preinit_array_end, .)

.init_array     0x08003634        0x4
                0x08003634                PROVIDE (__init_array_start, .)
 *(SORT(.init_array.*))
 *(.init_array*)
 .init_array    0x08003634        0x4 c:/program files (x86)/atollic/truestudio for stm32 9.3.0/armtools/bin/../lib/gcc/arm-atollic-eabi/6.3.1/armv7e-m/fpu/crtbegin.o
                0x08003638                PROVIDE (__init_array_end, .)

.fini_array     0x08003638        0x4
                [!provide]                PROVIDE (__fini_array_start, .)
 *(SORT(.fini_array.*))
 *(.fini_array*)
 .fini_array    0x08003638        0x4 c:/program files (x86)/atollic/truestudio for stm32 9.3.0/armtools/bin/../lib/gcc/arm-atollic-eabi/6.3.1/armv7e-m/fpu/crtbegin.o
                [!provide]                PROVIDE (__fini_array_end, .)
                0x0800363c                _sidata = LOADADDR (.data)

.data           0x20000000      0x304 load address 0x0800363c
                0x20000000                . = ALIGN (0x4)
                0x20000000                _sdata = .
 *(.data)
 *(.data*)
 .data.Font     0x20000000      0x300 HAL\HAL_LCD.o
 .data.SystemCoreClock
                0x20000300        0x4 Src\system_stm32f3xx.o
                0x20000300                SystemCoreClock
                0x20000304                . = ALIGN (0x4)
                0x20000304                _edata = .
                0x08003940                _siccmram = LOADADDR (.ccmram)

.igot.plt       0x20000304        0x0 load address 0x08003940
 .igot.plt      0x20000304        0x0 c:/program files (x86)/atollic/truestudio for stm32 9.3.0/armtools/bin/../lib/gcc/arm-atollic-eabi/6.3.1/armv7e-m/fpu/crtbegin.o

.ccmram         0x10000000        0x0 load address 0x08003940
                0x10000000                . = ALIGN (0x4)
                0x10000000                _sccmram = .
 *(.ccmram)
 *(.ccmram*)
                0x10000000                . = ALIGN (0x4)
                0x10000000                _eccmram = .
                0x10000000                . = ALIGN (0x4)

.bss            0x20000304       0x1c
                0x20000304                _sbss = .
                0x20000304                __bss_start__ = _sbss
 *(.bss)
 .bss           0x20000304       0x1c c:/program files (x86)/atollic/truestudio for stm32 9.3.0/armtools/bin/../lib/gcc/arm-atollic-eabi/6.3.1/armv7e-m/fpu/crtbegin.o
 *(.bss*)
 *(COMMON)
                0x20000320                . = ALIGN (0x4)
                0x20000320                _ebss = .
                0x20000320                __bss_end__ = _ebss

._user_heap_stack
                0x20000320      0x600
                0x20000320                . = ALIGN (0x4)
                0x20000320                PROVIDE (end, .)
                [!provide]                PROVIDE (_end, .)
                0x20000520                . = (. + _Min_Heap_Size)
 *fill*         0x20000320      0x200 
                0x20000920                . = (. + _Min_Stack_Size)
 *fill*         0x20000520      0x400 
                0x20000920                . = ALIGN (0x4)

/DISCARD/
 libc.a(*)
 libm.a(*)
 libgcc.a(*)

.ARM.attributes
                0x00000000       0x30
 *(.ARM.attributes)
 .ARM.attributes
                0x00000000       0x22 c:/program files (x86)/atollic/truestudio for stm32 9.3.0/armtools/bin/../lib/gcc/arm-atollic-eabi/6.3.1/armv7e-m/fpu/crti.o
 .ARM.attributes
                0x00000022       0x34 c:/program files (x86)/atollic/truestudio for stm32 9.3.0/armtools/bin/../lib/gcc/arm-atollic-eabi/6.3.1/armv7e-m/fpu/crtbegin.o
 .ARM.attributes
                0x00000056       0x39 Drivers\STM32F3xx_HAL_Driver\Src\stm32f3xx_ll_adc.o
 .ARM.attributes
                0x0000008f       0x39 Drivers\STM32F3xx_HAL_Driver\Src\stm32f3xx_ll_exti.o
 .ARM.attributes
                0x000000c8       0x39 Drivers\STM32F3xx_HAL_Driver\Src\stm32f3xx_ll_gpio.o
 .ARM.attributes
                0x00000101       0x39 Drivers\STM32F3xx_HAL_Driver\Src\stm32f3xx_ll_rtc.o
 .ARM.attributes
                0x0000013a       0x39 Drivers\STM32F3xx_HAL_Driver\Src\stm32f3xx_ll_spi.o
 .ARM.attributes
                0x00000173       0x39 Drivers\STM32F3xx_HAL_Driver\Src\stm32f3xx_ll_utils.o
 .ARM.attributes
                0x000001ac       0x39 HAL\HAL_GPIO.o
 .ARM.attributes
                0x000001e5       0x39 HAL\HAL_LCD.o
 .ARM.attributes
                0x0000021e       0x39 HAL\HAL_Pot.o
 .ARM.attributes
                0x00000257       0x39 HAL\HAL_RTC.o
 .ARM.attributes
                0x00000290       0x39 Src\adc.o
 .ARM.attributes
                0x000002c9       0x39 Src\gpio.o
 .ARM.attributes
                0x00000302       0x39 Src\gpio_bismar.o
 .ARM.attributes
                0x0000033b       0x39 Src\main.o
 .ARM.attributes
                0x00000374       0x39 Src\rtc.o
 .ARM.attributes
                0x000003ad       0x39 Src\spi.o
 .ARM.attributes
                0x000003e6       0x39 Src\stm32f3xx_it.o
 .ARM.attributes
                0x0000041f       0x39 Src\system_stm32f3xx.o
 .ARM.attributes
                0x00000458       0x21 startup\startup_stm32f334x8.o
 .ARM.attributes
                0x00000479       0x34 c:/program files (x86)/atollic/truestudio for stm32 9.3.0/armtools/bin/../lib/gcc/arm-atollic-eabi/6.3.1/../../../../arm-atollic-eabi/lib/armv7e-m/fpu\libc_nano.a(lib_a-init.o)
 .ARM.attributes
                0x000004ad       0x34 c:/program files (x86)/atollic/truestudio for stm32 9.3.0/armtools/bin/../lib/gcc/arm-atollic-eabi/6.3.1/../../../../arm-atollic-eabi/lib/armv7e-m/fpu\libc_nano.a(lib_a-memset.o)
 .ARM.attributes
                0x000004e1       0x22 c:/program files (x86)/atollic/truestudio for stm32 9.3.0/armtools/bin/../lib/gcc/arm-atollic-eabi/6.3.1/armv7e-m/fpu/crtn.o
OUTPUT(mbed_Application_Proj.elf elf32-littlearm)

.debug_info     0x00000000     0x8657
 .debug_info    0x00000000      0xa2c Drivers\STM32F3xx_HAL_Driver\Src\stm32f3xx_ll_adc.o
 .debug_info    0x00000a2c      0x551 Drivers\STM32F3xx_HAL_Driver\Src\stm32f3xx_ll_exti.o
 .debug_info    0x00000f7d      0x7e4 Drivers\STM32F3xx_HAL_Driver\Src\stm32f3xx_ll_gpio.o
 .debug_info    0x00001761      0xd04 Drivers\STM32F3xx_HAL_Driver\Src\stm32f3xx_ll_rtc.o
 .debug_info    0x00002465      0x496 Drivers\STM32F3xx_HAL_Driver\Src\stm32f3xx_ll_spi.o
 .debug_info    0x000028fb      0x832 Drivers\STM32F3xx_HAL_Driver\Src\stm32f3xx_ll_utils.o
 .debug_info    0x0000312d      0x392 HAL\HAL_GPIO.o
 .debug_info    0x000034bf      0x522 HAL\HAL_LCD.o
 .debug_info    0x000039e1      0xa96 HAL\HAL_Pot.o
 .debug_info    0x00004477      0x2bb HAL\HAL_RTC.o
 .debug_info    0x00004732      0xb2a Src\adc.o
 .debug_info    0x0000525c      0x6f5 Src\gpio.o
 .debug_info    0x00005951      0x6bc Src\gpio_bismar.o
 .debug_info    0x0000600d     0x1100 Src\main.o
 .debug_info    0x0000710d      0x7ec Src\rtc.o
 .debug_info    0x000078f9      0x6f8 Src\spi.o
 .debug_info    0x00007ff1      0x1d5 Src\stm32f3xx_it.o
 .debug_info    0x000081c6      0x403 Src\system_stm32f3xx.o
 .debug_info    0x000085c9       0x8e startup\startup_stm32f334x8.o

.debug_abbrev   0x00000000     0x1e81
 .debug_abbrev  0x00000000      0x199 Drivers\STM32F3xx_HAL_Driver\Src\stm32f3xx_ll_adc.o
 .debug_abbrev  0x00000199      0x199 Drivers\STM32F3xx_HAL_Driver\Src\stm32f3xx_ll_exti.o
 .debug_abbrev  0x00000332      0x20d Drivers\STM32F3xx_HAL_Driver\Src\stm32f3xx_ll_gpio.o
 .debug_abbrev  0x0000053f      0x223 Drivers\STM32F3xx_HAL_Driver\Src\stm32f3xx_ll_rtc.o
 .debug_abbrev  0x00000762      0x190 Drivers\STM32F3xx_HAL_Driver\Src\stm32f3xx_ll_spi.o
 .debug_abbrev  0x000008f2      0x28c Drivers\STM32F3xx_HAL_Driver\Src\stm32f3xx_ll_utils.o
 .debug_abbrev  0x00000b7e      0x159 HAL\HAL_GPIO.o
 .debug_abbrev  0x00000cd7      0x18f HAL\HAL_LCD.o
 .debug_abbrev  0x00000e66      0x1f5 HAL\HAL_Pot.o
 .debug_abbrev  0x0000105b      0x11c HAL\HAL_RTC.o
 .debug_abbrev  0x00001177      0x22e Src\adc.o
 .debug_abbrev  0x000013a5      0x1d1 Src\gpio.o
 .debug_abbrev  0x00001576      0x14c Src\gpio_bismar.o
 .debug_abbrev  0x000016c2      0x2af Src\main.o
 .debug_abbrev  0x00001971      0x1b5 Src\rtc.o
 .debug_abbrev  0x00001b26      0x19b Src\spi.o
 .debug_abbrev  0x00001cc1       0xa0 Src\stm32f3xx_it.o
 .debug_abbrev  0x00001d61      0x10e Src\system_stm32f3xx.o
 .debug_abbrev  0x00001e6f       0x12 startup\startup_stm32f334x8.o

.debug_aranges  0x00000000      0xa08
 .debug_aranges
                0x00000000       0xe0 Drivers\STM32F3xx_HAL_Driver\Src\stm32f3xx_ll_adc.o
 .debug_aranges
                0x000000e0       0xb0 Drivers\STM32F3xx_HAL_Driver\Src\stm32f3xx_ll_exti.o
 .debug_aranges
                0x00000190       0x70 Drivers\STM32F3xx_HAL_Driver\Src\stm32f3xx_ll_gpio.o
 .debug_aranges
                0x00000200      0x160 Drivers\STM32F3xx_HAL_Driver\Src\stm32f3xx_ll_rtc.o
 .debug_aranges
                0x00000360       0x58 Drivers\STM32F3xx_HAL_Driver\Src\stm32f3xx_ll_spi.o
 .debug_aranges
                0x000003b8       0xf0 Drivers\STM32F3xx_HAL_Driver\Src\stm32f3xx_ll_utils.o
 .debug_aranges
                0x000004a8       0x30 HAL\HAL_GPIO.o
 .debug_aranges
                0x000004d8       0x68 HAL\HAL_LCD.o
 .debug_aranges
                0x00000540       0x48 HAL\HAL_Pot.o
 .debug_aranges
                0x00000588       0x28 HAL\HAL_RTC.o
 .debug_aranges
                0x000005b0       0xc8 Src\adc.o
 .debug_aranges
                0x00000678       0x48 Src\gpio.o
 .debug_aranges
                0x000006c0       0x50 Src\gpio_bismar.o
 .debug_aranges
                0x00000710       0xe0 Src\main.o
 .debug_aranges
                0x000007f0       0xc0 Src\rtc.o
 .debug_aranges
                0x000008b0       0xa8 Src\spi.o
 .debug_aranges
                0x00000958       0x60 Src\stm32f3xx_it.o
 .debug_aranges
                0x000009b8       0x28 Src\system_stm32f3xx.o
 .debug_aranges
                0x000009e0       0x28 startup\startup_stm32f334x8.o

.debug_ranges   0x00000000      0x8e0
 .debug_ranges  0x00000000       0xd0 Drivers\STM32F3xx_HAL_Driver\Src\stm32f3xx_ll_adc.o
 .debug_ranges  0x000000d0       0xa0 Drivers\STM32F3xx_HAL_Driver\Src\stm32f3xx_ll_exti.o
 .debug_ranges  0x00000170       0x60 Drivers\STM32F3xx_HAL_Driver\Src\stm32f3xx_ll_gpio.o
 .debug_ranges  0x000001d0      0x150 Drivers\STM32F3xx_HAL_Driver\Src\stm32f3xx_ll_rtc.o
 .debug_ranges  0x00000320       0x48 Drivers\STM32F3xx_HAL_Driver\Src\stm32f3xx_ll_spi.o
 .debug_ranges  0x00000368       0xe0 Drivers\STM32F3xx_HAL_Driver\Src\stm32f3xx_ll_utils.o
 .debug_ranges  0x00000448       0x20 HAL\HAL_GPIO.o
 .debug_ranges  0x00000468       0x58 HAL\HAL_LCD.o
 .debug_ranges  0x000004c0       0x38 HAL\HAL_Pot.o
 .debug_ranges  0x000004f8       0x18 HAL\HAL_RTC.o
 .debug_ranges  0x00000510       0xb8 Src\adc.o
 .debug_ranges  0x000005c8       0x38 Src\gpio.o
 .debug_ranges  0x00000600       0x40 Src\gpio_bismar.o
 .debug_ranges  0x00000640       0xd0 Src\main.o
 .debug_ranges  0x00000710       0xb0 Src\rtc.o
 .debug_ranges  0x000007c0       0x98 Src\spi.o
 .debug_ranges  0x00000858       0x50 Src\stm32f3xx_it.o
 .debug_ranges  0x000008a8       0x18 Src\system_stm32f3xx.o
 .debug_ranges  0x000008c0       0x20 startup\startup_stm32f334x8.o

.debug_line     0x00000000     0x43b6
 .debug_line    0x00000000      0x480 Drivers\STM32F3xx_HAL_Driver\Src\stm32f3xx_ll_adc.o
 .debug_line    0x00000480      0x3ac Drivers\STM32F3xx_HAL_Driver\Src\stm32f3xx_ll_exti.o
 .debug_line    0x0000082c      0x3e0 Drivers\STM32F3xx_HAL_Driver\Src\stm32f3xx_ll_gpio.o
 .debug_line    0x00000c0c      0x62c Drivers\STM32F3xx_HAL_Driver\Src\stm32f3xx_ll_rtc.o
 .debug_line    0x00001238      0x2e0 Drivers\STM32F3xx_HAL_Driver\Src\stm32f3xx_ll_spi.o
 .debug_line    0x00001518      0x4de Drivers\STM32F3xx_HAL_Driver\Src\stm32f3xx_ll_utils.o
 .debug_line    0x000019f6      0x240 HAL\HAL_GPIO.o
 .debug_line    0x00001c36      0x364 HAL\HAL_LCD.o
 .debug_line    0x00001f9a      0x5b5 HAL\HAL_Pot.o
 .debug_line    0x0000254f      0x209 HAL\HAL_RTC.o
 .debug_line    0x00002758      0x463 Src\adc.o
 .debug_line    0x00002bbb      0x32d Src\gpio.o
 .debug_line    0x00002ee8      0x30c Src\gpio_bismar.o
 .debug_line    0x000031f4      0x568 Src\main.o
 .debug_line    0x0000375c      0x3d0 Src\rtc.o
 .debug_line    0x00003b2c      0x3c8 Src\spi.o
 .debug_line    0x00003ef4      0x26c Src\stm32f3xx_it.o
 .debug_line    0x00004160      0x1d5 Src\system_stm32f3xx.o
 .debug_line    0x00004335       0x81 startup\startup_stm32f334x8.o

.debug_str      0x00000000     0x26c4
 .debug_str     0x00000000      0x70a Drivers\STM32F3xx_HAL_Driver\Src\stm32f3xx_ll_adc.o
                                0x79b (size before relaxing)
 .debug_str     0x0000070a      0x2cf Drivers\STM32F3xx_HAL_Driver\Src\stm32f3xx_ll_exti.o
                                0x51a (size before relaxing)
 .debug_str     0x000009d9      0x16c Drivers\STM32F3xx_HAL_Driver\Src\stm32f3xx_ll_gpio.o
                                0x44c (size before relaxing)
 .debug_str     0x00000b45      0x564 Drivers\STM32F3xx_HAL_Driver\Src\stm32f3xx_ll_rtc.o
                                0x7e5 (size before relaxing)
 .debug_str     0x000010a9      0x188 Drivers\STM32F3xx_HAL_Driver\Src\stm32f3xx_ll_spi.o
                                0x426 (size before relaxing)
 .debug_str     0x00001231      0x3a5 Drivers\STM32F3xx_HAL_Driver\Src\stm32f3xx_ll_utils.o
                                0x69b (size before relaxing)
 .debug_str     0x000015d6      0x131 HAL\HAL_GPIO.o
                                0x378 (size before relaxing)
 .debug_str     0x00001707      0x1b5 HAL\HAL_LCD.o
                                0x435 (size before relaxing)
 .debug_str     0x000018bc      0x46f HAL\HAL_Pot.o
                                0x709 (size before relaxing)
 .debug_str     0x00001d2b       0x5f HAL\HAL_RTC.o
                                0x2dd (size before relaxing)
 .debug_str     0x00001d8a      0x21a Src\adc.o
                                0x7d0 (size before relaxing)
 .debug_str     0x00001fa4       0x7b Src\gpio.o
                                0x4bd (size before relaxing)
 .debug_str     0x0000201f      0x17e Src\gpio_bismar.o
                                0x4eb (size before relaxing)
 .debug_str     0x0000219d      0x22c Src\main.o
                                0xa1b (size before relaxing)
 .debug_str     0x000023c9       0xfc Src\rtc.o
                                0x58d (size before relaxing)
 .debug_str     0x000024c5       0xff Src\spi.o
                                0x537 (size before relaxing)
 .debug_str     0x000025c4       0xa6 Src\stm32f3xx_it.o
                                0x2c3 (size before relaxing)
 .debug_str     0x0000266a       0x5a Src\system_stm32f3xx.o
                                0x315 (size before relaxing)

.comment        0x00000000       0x7c
 .comment       0x00000000       0x7c Drivers\STM32F3xx_HAL_Driver\Src\stm32f3xx_ll_adc.o
                                 0x7d (size before relaxing)
 .comment       0x0000007c       0x7d Drivers\STM32F3xx_HAL_Driver\Src\stm32f3xx_ll_exti.o
 .comment       0x0000007c       0x7d Drivers\STM32F3xx_HAL_Driver\Src\stm32f3xx_ll_gpio.o
 .comment       0x0000007c       0x7d Drivers\STM32F3xx_HAL_Driver\Src\stm32f3xx_ll_rtc.o
 .comment       0x0000007c       0x7d Drivers\STM32F3xx_HAL_Driver\Src\stm32f3xx_ll_spi.o
 .comment       0x0000007c       0x7d Drivers\STM32F3xx_HAL_Driver\Src\stm32f3xx_ll_utils.o
 .comment       0x0000007c       0x7d HAL\HAL_GPIO.o
 .comment       0x0000007c       0x7d HAL\HAL_LCD.o
 .comment       0x0000007c       0x7d HAL\HAL_Pot.o
 .comment       0x0000007c       0x7d HAL\HAL_RTC.o
 .comment       0x0000007c       0x7d Src\adc.o
 .comment       0x0000007c       0x7d Src\gpio.o
 .comment       0x0000007c       0x7d Src\gpio_bismar.o
 .comment       0x0000007c       0x7d Src\main.o
 .comment       0x0000007c       0x7d Src\rtc.o
 .comment       0x0000007c       0x7d Src\spi.o
 .comment       0x0000007c       0x7d Src\stm32f3xx_it.o
 .comment       0x0000007c       0x7d Src\system_stm32f3xx.o

.debug_frame    0x00000000     0x27c4
 .debug_frame   0x00000000      0x3e8 Drivers\STM32F3xx_HAL_Driver\Src\stm32f3xx_ll_adc.o
 .debug_frame   0x000003e8      0x2fc Drivers\STM32F3xx_HAL_Driver\Src\stm32f3xx_ll_exti.o
 .debug_frame   0x000006e4      0x1c0 Drivers\STM32F3xx_HAL_Driver\Src\stm32f3xx_ll_gpio.o
 .debug_frame   0x000008a4      0x66c Drivers\STM32F3xx_HAL_Driver\Src\stm32f3xx_ll_rtc.o
 .debug_frame   0x00000f10      0x148 Drivers\STM32F3xx_HAL_Driver\Src\stm32f3xx_ll_spi.o
 .debug_frame   0x00001058      0x3dc Drivers\STM32F3xx_HAL_Driver\Src\stm32f3xx_ll_utils.o
 .debug_frame   0x00001434       0x78 HAL\HAL_GPIO.o
 .debug_frame   0x000014ac      0x178 HAL\HAL_LCD.o
 .debug_frame   0x00001624       0xe8 HAL\HAL_Pot.o
 .debug_frame   0x0000170c       0x58 HAL\HAL_RTC.o
 .debug_frame   0x00001764      0x33c Src\adc.o
 .debug_frame   0x00001aa0       0xfc Src\gpio.o
 .debug_frame   0x00001b9c      0x128 Src\gpio_bismar.o
 .debug_frame   0x00001cc4      0x37c Src\main.o
 .debug_frame   0x00002040      0x330 Src\rtc.o
 .debug_frame   0x00002370      0x2a8 Src\spi.o
 .debug_frame   0x00002618      0x108 Src\stm32f3xx_it.o
 .debug_frame   0x00002720       0x58 Src\system_stm32f3xx.o
 .debug_frame   0x00002778       0x2c c:/program files (x86)/atollic/truestudio for stm32 9.3.0/armtools/bin/../lib/gcc/arm-atollic-eabi/6.3.1/../../../../arm-atollic-eabi/lib/armv7e-m/fpu\libc_nano.a(lib_a-init.o)
 .debug_frame   0x000027a4       0x20 c:/program files (x86)/atollic/truestudio for stm32 9.3.0/armtools/bin/../lib/gcc/arm-atollic-eabi/6.3.1/../../../../arm-atollic-eabi/lib/armv7e-m/fpu\libc_nano.a(lib_a-memset.o)
