stm32f3xx_ll_bus.h:287:22:LL_AHB1_GRP1_EnableClock	24	static
stm32f3xx_ll_adc.h:3620:22:LL_ADC_REG_SetSequencerRanks	40	static
stm32f3xx_ll_adc.h:4824:22:LL_ADC_SetChannelSamplingTime	56	static
stm32f3xx_ll_adc.h:4974:22:LL_ADC_SetChannelSingleDiff	24	static
stm32f3xx_ll_adc.h:5780:22:LL_ADC_EnableInternalRegulator	16	static
stm32f3xx_ll_adc.h:5836:22:LL_ADC_Enable	16	static
stm32f3xx_ll_adc.h:5856:22:LL_ADC_Disable	16	static
stm32f3xx_ll_adc.h:5875:26:LL_ADC_IsEnabled	16	static
stm32f3xx_ll_adc.h:5914:22:LL_ADC_StartCalibration	16	static
stm32f3xx_ll_adc.h:5930:26:LL_ADC_IsCalibrationOnGoing	16	static
stm32f3xx_ll_adc.h:5961:22:LL_ADC_REG_StartConversion	16	static
stm32f3xx_ll_adc.h:6037:26:LL_ADC_REG_ReadConversionData12	16	static
stm32f3xx_ll_adc.h:6347:26:LL_ADC_IsActiveFlag_ADRDY	16	static
stm32f3xx_ll_adc.h:6358:26:LL_ADC_IsActiveFlag_EOC	16	static
stm32f3xx_ll_adc.h:6482:22:LL_ADC_ClearFlag_EOC	16	static
adc.c:32:6:MX_ADC1_Init	88	static
adc.c:103:7:MX_ADC1_Calibration	8	static
adc.c:110:7:MX_ADC1_Enable	8	static
adc.c:117:7:MX_ADC1_SetChannel	16	static
adc.c:122:7:MX_ADC1_StartConvertion	8	static
adc.c:130:11:MX_ADC1_Value	8	static
adc.c:135:7:MX_ADC1_Disable	8	static
