core_cm4.h:1657:22:__NVIC_SetPriorityGrouping	24	static
stm32f3xx_ll_rcc.h:1086:22:LL_RCC_HSI_Enable	4	static
stm32f3xx_ll_rcc.h:1106:26:LL_RCC_HSI_IsReady	4	static
stm32f3xx_ll_rcc.h:1132:22:LL_RCC_HSI_SetCalibTrimming	16	static
stm32f3xx_ll_rcc.h:1160:22:LL_RCC_LSE_Enable	4	static
stm32f3xx_ll_rcc.h:1206:22:LL_RCC_LSE_SetDriveCapability	16	static
stm32f3xx_ll_rcc.h:1230:26:LL_RCC_LSE_IsReady	4	static
stm32f3xx_ll_rcc.h:1290:22:LL_RCC_SetSysClkSource	16	static
stm32f3xx_ll_rcc.h:1303:26:LL_RCC_GetSysClkSource	4	static
stm32f3xx_ll_rcc.h:1323:22:LL_RCC_SetAHBPrescaler	16	static
stm32f3xx_ll_rcc.h:1339:22:LL_RCC_SetAPB1Prescaler	16	static
stm32f3xx_ll_rcc.h:1355:22:LL_RCC_SetAPB2Prescaler	16	static
stm32f3xx_ll_rcc.h:2092:22:LL_RCC_SetRTCClockSource	16	static
stm32f3xx_ll_rcc.h:2106:26:LL_RCC_GetRTCClockSource	4	static
stm32f3xx_ll_rcc.h:2116:22:LL_RCC_EnableRTC	4	static
stm32f3xx_ll_rcc.h:2146:22:LL_RCC_ForceBackupDomainReset	4	static
stm32f3xx_ll_rcc.h:2156:22:LL_RCC_ReleaseBackupDomainReset	4	static
stm32f3xx_ll_bus.h:537:22:LL_APB1_GRP1_EnableClock	24	static
stm32f3xx_ll_bus.h:851:22:LL_APB2_GRP1_EnableClock	24	static
stm32f3xx_ll_system.h:1618:22:LL_FLASH_SetLatency	16	static
stm32f3xx_ll_system.h:1631:26:LL_FLASH_GetLatency	4	static
stm32f3xx_ll_pwr.h:244:22:LL_PWR_EnableBkUpAccess	4	static
main.c:69:5:main	72	static
main.c:181:6:SystemClock_Config	8	static
main.c:236:6:Error_Handler	4	static
