stm32f3xx_ll_rcc.h:2116:22:LL_RCC_EnableRTC	4	static
stm32f3xx_ll_rtc.h:955:22:LL_RTC_EnableInitMode	16	static
stm32f3xx_ll_rtc.h:967:22:LL_RTC_DisableInitMode	16	static
stm32f3xx_ll_rtc.h:1068:22:LL_RTC_SetAsynchPrescaler	16	static
stm32f3xx_ll_rtc.h:1080:22:LL_RTC_SetSynchPrescaler	16	static
stm32f3xx_ll_rtc.h:1201:26:LL_RTC_TIME_GetHour	16	static
stm32f3xx_ll_rtc.h:1236:26:LL_RTC_TIME_GetMinute	16	static
stm32f3xx_ll_rtc.h:1271:26:LL_RTC_TIME_GetSecond	16	static
stm32f3xx_ll_rtc.h:1464:26:LL_RTC_DATE_GetYear	16	static
stm32f3xx_ll_rtc.h:1557:26:LL_RTC_DATE_GetMonth	16	static
stm32f3xx_ll_rtc.h:1587:26:LL_RTC_DATE_GetDay	16	static
stm32f3xx_ll_rtc.h:3417:26:LL_RTC_IsActiveFlag_INIT	16	static
stm32f3xx_ll_rtc.h:3428:26:LL_RTC_IsActiveFlag_RS	16	static
stm32f3xx_ll_rtc.h:3439:22:LL_RTC_ClearFlag_RS	16	static
rtc.c:28:6:MX_RTC_Init	32	static
rtc.c:68:6:MX_RTC_Enter_InitMode	8	static
rtc.c:76:6:MX_RTC_Exit_InitMode	8	static
rtc.c:85:6:MX_RTC_GetTime	32	static
rtc.c:94:6:MX_RTC_GetDate	32	static
rtc.c:103:6:MX_RTC_SetTime	40	static
rtc.c:126:6:Update_TR	16	static
